2025-05-28T20:27:35.7627611Z Current runner version: '2.324.0'
2025-05-28T20:27:35.7653774Z ##[group]Operating System
2025-05-28T20:27:35.7654522Z Ubuntu
2025-05-28T20:27:35.7655108Z 24.04.2
2025-05-28T20:27:35.7655561Z LTS
2025-05-28T20:27:35.7656034Z ##[endgroup]
2025-05-28T20:27:35.7656561Z ##[group]Runner Image
2025-05-28T20:27:35.7657191Z Image: ubuntu-24.04
2025-05-28T20:27:35.7657721Z Version: 20250511.1.0
2025-05-28T20:27:35.7658807Z Included Software: https://github.com/actions/runner-images/blob/ubuntu24/20250511.1/images/ubuntu/Ubuntu2404-Readme.md
2025-05-28T20:27:35.7660155Z Image Release: https://github.com/actions/runner-images/releases/tag/ubuntu24%2F20250511.1
2025-05-28T20:27:35.7661009Z ##[endgroup]
2025-05-28T20:27:35.7661555Z ##[group]Runner Image Provisioner
2025-05-28T20:27:35.7662148Z 2.0.437.1
2025-05-28T20:27:35.7662877Z ##[endgroup]
2025-05-28T20:27:35.7664140Z ##[group]GITHUB_TOKEN Permissions
2025-05-28T20:27:35.7666277Z Actions: read
2025-05-28T20:27:35.7666789Z Contents: read
2025-05-28T20:27:35.7667546Z Metadata: read
2025-05-28T20:27:35.7668099Z SecurityEvents: write
2025-05-28T20:27:35.7668706Z ##[endgroup]
2025-05-28T20:27:35.7670691Z Secret source: Actions
2025-05-28T20:27:35.7671364Z Prepare workflow directory
2025-05-28T20:27:35.8096564Z Prepare all required actions
2025-05-28T20:27:35.8151561Z Getting action download info
2025-05-28T20:27:36.1143595Z ##[group]Download immutable action package 'actions/checkout@v4'
2025-05-28T20:27:36.1144572Z Version: 4.2.2
2025-05-28T20:27:36.1145646Z Digest: sha256:ccb2698953eaebd21c7bf6268a94f9c26518a7e38e27e0b83c1fe1ad049819b1
2025-05-28T20:27:36.1146851Z Source commit SHA: 11bd71901bbe5b1630ceea73d27597364c9af683
2025-05-28T20:27:36.1147546Z ##[endgroup]
2025-05-28T20:27:36.1982204Z ##[group]Download immutable action package 'github/codeql-action@v3'
2025-05-28T20:27:36.1983261Z Version: 3.28.18
2025-05-28T20:27:36.1984019Z Digest: sha256:0b41304c3837968c577fdb6c0aa2845a72b559482f30bae7cb59d4bed90065ac
2025-05-28T20:27:36.1985044Z Source commit SHA: ff0a06e83cb2de871e5a09832bc6a81e7276941f
2025-05-28T20:27:36.1985704Z ##[endgroup]
2025-05-28T20:27:41.3506858Z Complete job name: Analyze (python)
2025-05-28T20:27:41.4146200Z ##[group]Run actions/checkout@v4
2025-05-28T20:27:41.4146837Z with:
2025-05-28T20:27:41.4147116Z   repository: IgorGanapolsky/agent-web-scraper
2025-05-28T20:27:41.4147609Z   token: ***
2025-05-28T20:27:41.4147839Z   ssh-strict: true
2025-05-28T20:27:41.4148062Z   ssh-user: git
2025-05-28T20:27:41.4148296Z   persist-credentials: true
2025-05-28T20:27:41.4148552Z   clean: true
2025-05-28T20:27:41.4148785Z   sparse-checkout-cone-mode: true
2025-05-28T20:27:41.4149059Z   fetch-depth: 1
2025-05-28T20:27:41.4149283Z   fetch-tags: false
2025-05-28T20:27:41.4149507Z   show-progress: true
2025-05-28T20:27:41.4149735Z   lfs: false
2025-05-28T20:27:41.4149955Z   submodules: false
2025-05-28T20:27:41.4150181Z   set-safe-directory: true
2025-05-28T20:27:41.4150626Z ##[endgroup]
2025-05-28T20:27:41.6396762Z Syncing repository: IgorGanapolsky/agent-web-scraper
2025-05-28T20:27:41.6398711Z ##[group]Getting Git version info
2025-05-28T20:27:41.6399538Z Working directory is '/home/runner/work/agent-web-scraper/agent-web-scraper'
2025-05-28T20:27:41.6400461Z [command]/usr/bin/git version
2025-05-28T20:27:41.6508666Z git version 2.49.0
2025-05-28T20:27:41.6539984Z ##[endgroup]
2025-05-28T20:27:41.6555110Z Temporarily overriding HOME='/home/runner/work/_temp/d238d407-72aa-4bde-b5be-2a224fd6022c' before making global git config changes
2025-05-28T20:27:41.6556619Z Adding repository directory to the temporary git global config as a safe directory
2025-05-28T20:27:41.6561426Z [command]/usr/bin/git config --global --add safe.directory /home/runner/work/agent-web-scraper/agent-web-scraper
2025-05-28T20:27:41.6597376Z Deleting the contents of '/home/runner/work/agent-web-scraper/agent-web-scraper'
2025-05-28T20:27:41.6600885Z ##[group]Initializing the repository
2025-05-28T20:27:41.6605713Z [command]/usr/bin/git init /home/runner/work/agent-web-scraper/agent-web-scraper
2025-05-28T20:27:41.6749458Z hint: Using 'master' as the name for the initial branch. This default branch name
2025-05-28T20:27:41.6750132Z hint: is subject to change. To configure the initial branch name to use in all
2025-05-28T20:27:41.6750703Z hint: of your new repositories, which will suppress this warning, call:
2025-05-28T20:27:41.6751096Z hint:
2025-05-28T20:27:41.6751412Z hint: 	git config --global init.defaultBranch <name>
2025-05-28T20:27:41.6751763Z hint:
2025-05-28T20:27:41.6752090Z hint: Names commonly chosen instead of 'master' are 'main', 'trunk' and
2025-05-28T20:27:41.6752950Z hint: 'development'. The just-created branch can be renamed via this command:
2025-05-28T20:27:41.6753638Z hint:
2025-05-28T20:27:41.6753892Z hint: 	git branch -m <name>
2025-05-28T20:27:41.6760487Z Initialized empty Git repository in /home/runner/work/agent-web-scraper/agent-web-scraper/.git/
2025-05-28T20:27:41.6771301Z [command]/usr/bin/git remote add origin https://github.com/IgorGanapolsky/agent-web-scraper
2025-05-28T20:27:41.6810260Z ##[endgroup]
2025-05-28T20:27:41.6811069Z ##[group]Disabling automatic garbage collection
2025-05-28T20:27:41.6815679Z [command]/usr/bin/git config --local gc.auto 0
2025-05-28T20:27:41.6844480Z ##[endgroup]
2025-05-28T20:27:41.6845268Z ##[group]Setting up auth
2025-05-28T20:27:41.6851934Z [command]/usr/bin/git config --local --name-only --get-regexp core\.sshCommand
2025-05-28T20:27:41.6881968Z [command]/usr/bin/git submodule foreach --recursive sh -c "git config --local --name-only --get-regexp 'core\.sshCommand' && git config --local --unset-all 'core.sshCommand' || :"
2025-05-28T20:27:41.7228315Z [command]/usr/bin/git config --local --name-only --get-regexp http\.https\:\/\/github\.com\/\.extraheader
2025-05-28T20:27:41.7257906Z [command]/usr/bin/git submodule foreach --recursive sh -c "git config --local --name-only --get-regexp 'http\.https\:\/\/github\.com\/\.extraheader' && git config --local --unset-all 'http.https://github.com/.extraheader' || :"
2025-05-28T20:27:41.7489113Z [command]/usr/bin/git config --local http.https://github.com/.extraheader AUTHORIZATION: basic ***
2025-05-28T20:27:41.7525842Z ##[endgroup]
2025-05-28T20:27:41.7526736Z ##[group]Fetching the repository
2025-05-28T20:27:41.7536387Z [command]/usr/bin/git -c protocol.version=2 fetch --no-tags --prune --no-recurse-submodules --depth=1 origin +ec66f403281a7c17516e8e70cd8586972c306485:refs/remotes/pull/5/merge
2025-05-28T20:27:42.1540757Z From https://github.com/IgorGanapolsky/agent-web-scraper
2025-05-28T20:27:42.1543358Z  * [new ref]         ec66f403281a7c17516e8e70cd8586972c306485 -> pull/5/merge
2025-05-28T20:27:42.1570898Z ##[endgroup]
2025-05-28T20:27:42.1571649Z ##[group]Determining the checkout info
2025-05-28T20:27:42.1574410Z ##[endgroup]
2025-05-28T20:27:42.1580341Z [command]/usr/bin/git sparse-checkout disable
2025-05-28T20:27:42.1627990Z [command]/usr/bin/git config --local --unset-all extensions.worktreeConfig
2025-05-28T20:27:42.1657847Z ##[group]Checking out the ref
2025-05-28T20:27:42.1662869Z [command]/usr/bin/git checkout --progress --force refs/remotes/pull/5/merge
2025-05-28T20:27:42.1771399Z Note: switching to 'refs/remotes/pull/5/merge'.
2025-05-28T20:27:42.1772611Z 
2025-05-28T20:27:42.1773139Z You are in 'detached HEAD' state. You can look around, make experimental
2025-05-28T20:27:42.1774075Z changes and commit them, and you can discard any commits you make in this
2025-05-28T20:27:42.1774966Z state without impacting any branches by switching back to a branch.
2025-05-28T20:27:42.1775451Z 
2025-05-28T20:27:42.1775792Z If you want to create a new branch to retain commits you create, you may
2025-05-28T20:27:42.1776574Z do so (now or later) by using -c with the switch command. Example:
2025-05-28T20:27:42.1777013Z 
2025-05-28T20:27:42.1777223Z   git switch -c <new-branch-name>
2025-05-28T20:27:42.1777572Z 
2025-05-28T20:27:42.1777784Z Or undo this operation with:
2025-05-28T20:27:42.1778116Z 
2025-05-28T20:27:42.1778306Z   git switch -
2025-05-28T20:27:42.1779243Z 
2025-05-28T20:27:42.1779703Z Turn off this advice by setting config variable advice.detachedHead to false
2025-05-28T20:27:42.1780691Z 
2025-05-28T20:27:42.1781367Z HEAD is now at ec66f40 Merge a4aee2a7ba771951280fa168f0f58e376b913957 into d43cb028480aad660e9b9a8c60609a10955d2ffc
2025-05-28T20:27:42.1783477Z ##[endgroup]
2025-05-28T20:27:42.1819039Z [command]/usr/bin/git log -1 --format=%H
2025-05-28T20:27:42.1841532Z ec66f403281a7c17516e8e70cd8586972c306485
2025-05-28T20:27:42.2101644Z ##[group]Run github/codeql-action/init@v3
2025-05-28T20:27:42.2101985Z with:
2025-05-28T20:27:42.2102215Z   languages: python
2025-05-28T20:27:42.2102775Z   token: ***
2025-05-28T20:27:42.2103012Z   matrix: {
  "language": "python"
}
2025-05-28T20:27:42.2103313Z   debug: false
2025-05-28T20:27:42.2103529Z ##[endgroup]
2025-05-28T20:27:42.4894672Z Job run UUID is 0d101759-f0f5-45b6-990c-0a929aacc5ea.
2025-05-28T20:27:43.0544302Z ##[group]Setup CodeQL tools
2025-05-28T20:27:43.0588513Z [command]/usr/bin/tar --version
2025-05-28T20:27:43.0616567Z tar (GNU tar) 1.35
2025-05-28T20:27:43.0617173Z Copyright (C) 2023 Free Software Foundation, Inc.
2025-05-28T20:27:43.0617900Z License GPLv3+: GNU GPL version 3 or later <https://gnu.org/licenses/gpl.html>.
2025-05-28T20:27:43.0618478Z This is free software: you are free to change and redistribute it.
2025-05-28T20:27:43.0618965Z There is NO WARRANTY, to the extent permitted by law.
2025-05-28T20:27:43.0619229Z 
2025-05-28T20:27:43.0619413Z Written by John Gilmore and Jay Fenlason.
2025-05-28T20:27:43.0621474Z Found gnu tar version 1.35.
2025-05-28T20:27:43.0638683Z Did not find CodeQL tools version 2.21.3 in the toolcache.
2025-05-28T20:27:43.0643843Z Using CodeQL CLI version 2.21.3 sourced from https://github.com/github/codeql-action/releases/download/codeql-bundle-v2.21.3/codeql-bundle-linux64.tar.zst .
2025-05-28T20:27:43.0652161Z Downloading CodeQL tools from https://github.com/github/codeql-action/releases/download/codeql-bundle-v2.21.3/codeql-bundle-linux64.tar.zst . This may take a while.
2025-05-28T20:27:43.0653626Z Streaming the extraction of the CodeQL bundle.
2025-05-28T20:27:43.3836009Z [command]tar -x --zstd --ignore-zeros --warning=no-unknown-keyword --overwrite -f - -C /opt/hostedtoolcache/CodeQL/2.21.3/x64
2025-05-28T20:27:47.5388428Z Finished downloading and extracting CodeQL bundle to /opt/hostedtoolcache/CodeQL/2.21.3/x64 (4.5s).
2025-05-28T20:27:47.5391263Z Created toolcache marker file /opt/hostedtoolcache/CodeQL/2.21.3/x64.complete
2025-05-28T20:27:48.1822541Z [command]/opt/hostedtoolcache/CodeQL/2.21.3/x64/codeql/codeql version --format=json
2025-05-28T20:27:48.7755924Z {
2025-05-28T20:27:48.7756968Z   "productName" : "CodeQL",
2025-05-28T20:27:48.7758147Z   "vendor" : "GitHub",
2025-05-28T20:27:48.7758473Z   "version" : "2.21.3",
2025-05-28T20:27:48.7758879Z   "sha" : "b724cbd9b8cab5efc803092aaf1b7ed7f9bd8bc9",
2025-05-28T20:27:48.7759285Z   "branches" : [
2025-05-28T20:27:48.7759557Z     "codeql-cli-2.21.3"
2025-05-28T20:27:48.7759835Z   ],
2025-05-28T20:27:48.7760134Z   "copyright" : "Copyright (C) 2019-2025 GitHub, Inc.",
2025-05-28T20:27:48.7761582Z   "unpackedLocation" : "/opt/hostedtoolcache/CodeQL/2.21.3/x64/codeql",
2025-05-28T20:27:48.7762537Z   "configFileLocation" : "/home/runner/.config/codeql/config",
2025-05-28T20:27:48.7763183Z   "configFileFound" : false,
2025-05-28T20:27:48.7763548Z   "features" : {
2025-05-28T20:27:48.7764749Z     "analysisSummaryV2Default" : true,
2025-05-28T20:27:48.7765188Z     "buildModeOption" : true,
2025-05-28T20:27:48.7765616Z     "bundleSupportsIncludeDiagnostics" : true,
2025-05-28T20:27:48.7766122Z     "bundleSupportsIncludeLogs" : true,
2025-05-28T20:27:48.7766711Z     "databaseInterpretResultsSupportsSarifRunProperty" : true,
2025-05-28T20:27:48.7767314Z     "featuresInVersionResult" : true,
2025-05-28T20:27:48.7767822Z     "indirectTracingSupportsStaticBinaries" : false,
2025-05-28T20:27:48.7768386Z     "informsAboutUnsupportedPathFilters" : true,
2025-05-28T20:27:48.7768873Z     "supportsPython312" : true,
2025-05-28T20:27:48.7769277Z     "mrvaPackCreate" : true,
2025-05-28T20:27:48.7770193Z     "threatModelOption" : true,
2025-05-28T20:27:48.7770636Z     "traceCommandUseBuildMode" : true,
2025-05-28T20:27:48.7771094Z     "v2ramSizing" : true,
2025-05-28T20:27:48.7771522Z     "mrvaPackCreateMultipleQueries" : true,
2025-05-28T20:27:48.7772042Z     "setsCodeqlRunnerEnvVar" : true,
2025-05-28T20:27:48.7772748Z     "sarifMergeRunsFromEqualCategory" : true,
2025-05-28T20:27:48.7773557Z     "forceOverwrite" : true,
2025-05-28T20:27:48.7774015Z     "generateSummarySymbolMap" : true,
2025-05-28T20:27:48.7774526Z     "pythonDefaultIsToNotExtractStdlib" : true
2025-05-28T20:27:48.7774973Z   }
2025-05-28T20:27:48.7775224Z }
2025-05-28T20:27:48.7887639Z ##[endgroup]
2025-05-28T20:27:48.7888250Z ##[group]Validating workflow
2025-05-28T20:27:49.0496650Z [command]/opt/hostedtoolcache/CodeQL/2.21.3/x64/codeql/codeql resolve languages --format=betterjson --extractor-options-verbosity=4 --extractor-include-aliases
2025-05-28T20:27:49.9622570Z {
2025-05-28T20:27:49.9622932Z   "aliases" : {
2025-05-28T20:27:49.9623280Z     "c" : "cpp",
2025-05-28T20:27:49.9623578Z     "c++" : "cpp",
2025-05-28T20:27:49.9623869Z     "c-c++" : "cpp",
2025-05-28T20:27:49.9624186Z     "c-cpp" : "cpp",
2025-05-28T20:27:49.9624486Z     "c#" : "csharp",
2025-05-28T20:27:49.9624791Z     "java-kotlin" : "java",
2025-05-28T20:27:49.9625152Z     "kotlin" : "java",
2025-05-28T20:27:49.9625538Z     "javascript-typescript" : "javascript",
2025-05-28T20:27:49.9625974Z     "typescript" : "javascript"
2025-05-28T20:27:49.9626300Z   },
2025-05-28T20:27:49.9626549Z   "extractors" : {
2025-05-28T20:27:49.9626845Z     "properties" : [
2025-05-28T20:27:49.9627155Z       {
2025-05-28T20:27:49.9627633Z         "extractor_root" : "/opt/hostedtoolcache/CodeQL/2.21.3/x64/codeql/properties"
2025-05-28T20:27:49.9628240Z       }
2025-05-28T20:27:49.9628484Z     ],
2025-05-28T20:27:49.9628727Z     "csv" : [
2025-05-28T20:27:49.9628993Z       {
2025-05-28T20:27:49.9629440Z         "extractor_root" : "/opt/hostedtoolcache/CodeQL/2.21.3/x64/codeql/csv"
2025-05-28T20:27:49.9630026Z       }
2025-05-28T20:27:49.9630274Z     ],
2025-05-28T20:27:49.9630529Z     "html" : [
2025-05-28T20:27:49.9630805Z       {
2025-05-28T20:27:49.9631262Z         "extractor_root" : "/opt/hostedtoolcache/CodeQL/2.21.3/x64/codeql/html"
2025-05-28T20:27:49.9631816Z       }
2025-05-28T20:27:49.9632074Z     ],
2025-05-28T20:27:49.9632505Z     "cpp" : [
2025-05-28T20:27:49.9632802Z       {
2025-05-28T20:27:49.9633256Z         "extractor_root" : "/opt/hostedtoolcache/CodeQL/2.21.3/x64/codeql/cpp",
2025-05-28T20:27:49.9633843Z         "extractor_options" : {
2025-05-28T20:27:49.9634204Z           "trap" : {
2025-05-28T20:27:49.9634526Z             "title" : "TRAP options",
2025-05-28T20:27:49.9635195Z             "description" : "Options about how the extractor handles TRAP files",
2025-05-28T20:27:49.9635761Z             "type" : "object",
2025-05-28T20:27:49.9636122Z             "visibility" : 3,
2025-05-28T20:27:49.9636475Z             "properties" : {
2025-05-28T20:27:49.9636833Z               "cache" : {
2025-05-28T20:27:49.9637208Z                 "title" : "TRAP cache options",
2025-05-28T20:27:49.9637841Z                 "description" : "Options about how the extractor handles its TRAP cache",
2025-05-28T20:27:49.9638470Z                 "type" : "object",
2025-05-28T20:27:49.9638867Z                 "properties" : {
2025-05-28T20:27:49.9639247Z                   "dir" : {
2025-05-28T20:27:49.9639637Z                     "title" : "TRAP cache directory",
2025-05-28T20:27:49.9640175Z                     "description" : "The directory of the TRAP cache to use",
2025-05-28T20:27:49.9640701Z                     "type" : "string"
2025-05-28T20:27:49.9641071Z                   },
2025-05-28T20:27:49.9641375Z                   "bound" : {
2025-05-28T20:27:49.9641739Z                     "title" : "TRAP cache bound",
2025-05-28T20:27:49.9642500Z                     "description" : "A soft limit (in MB) on the size of the TRAP cache",
2025-05-28T20:27:49.9643083Z                     "type" : "string",
2025-05-28T20:27:49.9643949Z                     "pattern" : "[0-9]+"
2025-05-28T20:27:49.9644324Z                   },
2025-05-28T20:27:49.9644630Z                   "write" : {
2025-05-28T20:27:49.9645005Z                     "title" : "TRAP cache writeable",
2025-05-28T20:27:49.9645646Z                     "description" : "Whether to write to the TRAP cache as well as reading it",
2025-05-28T20:27:49.9646491Z                     "type" : "string",
2025-05-28T20:27:49.9646940Z                     "pattern" : "(true|TRUE|false|FALSE)"
2025-05-28T20:27:49.9647373Z                   }
2025-05-28T20:27:49.9647653Z                 }
2025-05-28T20:27:49.9647932Z               }
2025-05-28T20:27:49.9648199Z             }
2025-05-28T20:27:49.9648466Z           },
2025-05-28T20:27:49.9648750Z           "scale_timeouts" : {
2025-05-28T20:27:49.9649277Z             "title" : "Value to scale compiler introspection timeouts with",
2025-05-28T20:27:49.9651724Z             "description" : "The extractor attempts to determine what compiler the source code being extracted is compiled with. To this end the extractor makes additional calls to the compiler, some of which are expected to return within a certain fixed time (either 10s or 15s). On some systems that are under high load this time might be too short, and can be scaled up using this option.\n",
2025-05-28T20:27:49.9656857Z             "type" : "string",
2025-05-28T20:27:49.9657262Z             "pattern" : "[0-9]+"
2025-05-28T20:27:49.9657634Z           },
2025-05-28T20:27:49.9657920Z           "log_verbosity" : {
2025-05-28T20:27:49.9658347Z             "title" : "Verbosity of the extractor logging",
2025-05-28T20:27:49.9659306Z             "description" : "Set the verbosity of the extractor logging to 'quiet' (0), 'normal' (1), 'chatty' (2), or 'noisy' (3). The default is 'normal'.\n",
2025-05-28T20:27:49.9660235Z             "type" : "string",
2025-05-28T20:27:49.9660607Z             "pattern" : "[0-3]"
2025-05-28T20:27:49.9660952Z           }
2025-05-28T20:27:49.9661225Z         }
2025-05-28T20:27:49.9661473Z       }
2025-05-28T20:27:49.9661727Z     ],
2025-05-28T20:27:49.9661975Z     "go" : [
2025-05-28T20:27:49.9664281Z       {
2025-05-28T20:27:49.9664723Z         "extractor_root" : "/opt/hostedtoolcache/CodeQL/2.21.3/x64/codeql/go",
2025-05-28T20:27:49.9665321Z         "extractor_options" : {
2025-05-28T20:27:49.9665684Z           "extract_tests" : {
2025-05-28T20:27:49.9666200Z             "title" : "Whether to include Go test files in the CodeQL database.",
2025-05-28T20:27:49.9667308Z             "description" : "A value indicating whether Go test files should be included in the CodeQL database. The default is 'false'.\n",
2025-05-28T20:27:49.9668202Z             "type" : "string",
2025-05-28T20:27:49.9668590Z             "pattern" : "^(false|true)$"
2025-05-28T20:27:49.9669032Z           },
2025-05-28T20:27:49.9669340Z           "extract_vendor_dirs" : {
2025-05-28T20:27:49.9669903Z             "title" : "Whether to include Go vendor directories in the CodeQL database.",
2025-05-28T20:27:49.9671012Z             "description" : "A value indicating whether Go vendor directories should be included in the CodeQL database. The default is 'false'.\n",
2025-05-28T20:27:49.9671944Z             "type" : "string",
2025-05-28T20:27:49.9672499Z             "pattern" : "^(false|true)$"
2025-05-28T20:27:49.9673008Z           }
2025-05-28T20:27:49.9673256Z         }
2025-05-28T20:27:49.9673516Z       }
2025-05-28T20:27:49.9673752Z     ],
2025-05-28T20:27:49.9674006Z     "actions" : [
2025-05-28T20:27:49.9674283Z       {
2025-05-28T20:27:49.9674740Z         "extractor_root" : "/opt/hostedtoolcache/CodeQL/2.21.3/x64/codeql/actions",
2025-05-28T20:27:49.9675345Z         "extractor_options" : {
2025-05-28T20:27:49.9675716Z           "trap" : {
2025-05-28T20:27:49.9676044Z             "title" : "TRAP options",
2025-05-28T20:27:49.9676598Z             "description" : "Options about how the extractor handles TRAP files",
2025-05-28T20:27:49.9677174Z             "type" : "object",
2025-05-28T20:27:49.9677801Z             "visibility" : 3,
2025-05-28T20:27:49.9678151Z             "properties" : {
2025-05-28T20:27:49.9678479Z               "cache" : {
2025-05-28T20:27:49.9678825Z                 "title" : "TRAP cache options",
2025-05-28T20:27:49.9679429Z                 "description" : "Options about how the extractor handles its TRAP cache",
2025-05-28T20:27:49.9680211Z                 "type" : "object",
2025-05-28T20:27:49.9680591Z                 "properties" : {
2025-05-28T20:27:49.9680939Z                   "dir" : {
2025-05-28T20:27:49.9681309Z                     "title" : "TRAP cache directory",
2025-05-28T20:27:49.9681861Z                     "description" : "The directory of the TRAP cache to use",
2025-05-28T20:27:49.9682554Z                     "type" : "string"
2025-05-28T20:27:49.9682914Z                   },
2025-05-28T20:27:49.9683211Z                   "bound" : {
2025-05-28T20:27:49.9683573Z                     "title" : "TRAP cache bound",
2025-05-28T20:27:49.9684159Z                     "description" : "A soft limit (in MB) on the size of the TRAP cache",
2025-05-28T20:27:49.9684753Z                     "type" : "string",
2025-05-28T20:27:49.9685149Z                     "pattern" : "[0-9]+"
2025-05-28T20:27:49.9685533Z                   },
2025-05-28T20:27:49.9685844Z                   "write" : {
2025-05-28T20:27:49.9686238Z                     "title" : "TRAP cache writeable",
2025-05-28T20:27:49.9686859Z                     "description" : "Whether to write to the TRAP cache as well as reading it",
2025-05-28T20:27:49.9687466Z                     "type" : "string",
2025-05-28T20:27:49.9687880Z                     "pattern" : "(true|TRUE|false|FALSE)"
2025-05-28T20:27:49.9688310Z                   }
2025-05-28T20:27:49.9688594Z                 }
2025-05-28T20:27:49.9688868Z               }
2025-05-28T20:27:49.9689140Z             }
2025-05-28T20:27:49.9689399Z           }
2025-05-28T20:27:49.9689657Z         }
2025-05-28T20:27:49.9689904Z       }
2025-05-28T20:27:49.9690157Z     ],
2025-05-28T20:27:49.9690400Z     "xml" : [
2025-05-28T20:27:49.9690666Z       {
2025-05-28T20:27:49.9691110Z         "extractor_root" : "/opt/hostedtoolcache/CodeQL/2.21.3/x64/codeql/xml"
2025-05-28T20:27:49.9691670Z       }
2025-05-28T20:27:49.9691909Z     ],
2025-05-28T20:27:49.9692166Z     "java" : [
2025-05-28T20:27:49.9692595Z       {
2025-05-28T20:27:49.9693037Z         "extractor_root" : "/opt/hostedtoolcache/CodeQL/2.21.3/x64/codeql/java",
2025-05-28T20:27:49.9693629Z         "extractor_options" : {
2025-05-28T20:27:49.9693986Z           "exclude" : {
2025-05-28T20:27:49.9694379Z             "title" : "A glob excluding files from analysis.",
2025-05-28T20:27:49.9695553Z             "description" : "A glob indicating what files to exclude from the analysis. This accepts glob patterns that are supported by Java's 'getPathMatcher' implementation.\n",
2025-05-28T20:27:49.9696659Z             "type" : "string"
2025-05-28T20:27:49.9696994Z           },
2025-05-28T20:27:49.9697286Z           "add_prefer_source" : {
2025-05-28T20:27:49.9697822Z             "title" : "Whether to always prefer source files over class files.",
2025-05-28T20:27:49.9699675Z             "description" : "A value indicating whether source files should be preferred over class files. If set to 'true', the extraction adds '-Xprefer:source' to the javac command line. If set to 'false', the extraction uses the default javac behavior ('-Xprefer:newer'). The default is 'true'.\n",
2025-05-28T20:27:49.9701406Z             "type" : "string",
2025-05-28T20:27:49.9701781Z             "pattern" : "^(false|true)$"
2025-05-28T20:27:49.9702173Z           },
2025-05-28T20:27:49.9702715Z           "buildless" : {
2025-05-28T20:27:49.9703254Z             "title" : "Whether to use buildless (standalone) extraction (experimental).",
2025-05-28T20:27:49.9706860Z             "description" : "A value indicating, which type of extraction the autobuilder should perform. If 'true', then the standalone extractor will be used, otherwise tracing extraction will be performed. The default is 'false'. Note that buildless extraction will generally yield less accurate analysis results, and should only be used in cases where it is not possible to build the code (for example if it uses inaccessible dependencies).\n",
2025-05-28T20:27:49.9709581Z             "type" : "string",
2025-05-28T20:27:49.9709973Z             "pattern" : "^(false|true)$"
2025-05-28T20:27:49.9710532Z           },
2025-05-28T20:27:49.9710841Z           "buildless_dependency_dir" : {
2025-05-28T20:27:49.9711512Z             "title" : "The path where buildless (standalone) extraction should keep dependencies.",
2025-05-28T20:27:49.9712726Z             "description" : "If set, the buildless (standalone) extractor will store dependencies in this directory.\n",
2025-05-28T20:27:49.9713502Z             "type" : "string"
2025-05-28T20:27:49.9713835Z           },
2025-05-28T20:27:49.9714146Z           "minimize_dependency_jars" : {
2025-05-28T20:27:49.9714812Z             "title" : "Whether to rewrite and minimize downloaded JAR dependencies (experimental).",
2025-05-28T20:27:49.9716187Z             "description" : "If 'true', JAR dependencies downloaded during extraction will be rewritten to remove unneeded data, such as method bodies. The default is 'false'.\n",
2025-05-28T20:27:49.9716909Z             "type" : "string",
2025-05-28T20:27:49.9717123Z             "pattern" : "^(false|true)$"
2025-05-28T20:27:49.9717344Z           }
2025-05-28T20:27:49.9717493Z         }
2025-05-28T20:27:49.9717640Z       }
2025-05-28T20:27:49.9717779Z     ],
2025-05-28T20:27:49.9717928Z     "ruby" : [
2025-05-28T20:27:49.9718080Z       {
2025-05-28T20:27:49.9718336Z         "extractor_root" : "/opt/hostedtoolcache/CodeQL/2.21.3/x64/codeql/ruby",
2025-05-28T20:27:49.9718679Z         "extractor_options" : {
2025-05-28T20:27:49.9718883Z           "trap" : {
2025-05-28T20:27:49.9719091Z             "title" : "Options pertaining to TRAP.",
2025-05-28T20:27:49.9719373Z             "description" : "Options pertaining to TRAP.",
2025-05-28T20:27:49.9719647Z             "type" : "object",
2025-05-28T20:27:49.9719847Z             "properties" : {
2025-05-28T20:27:49.9720061Z               "compression" : {
2025-05-28T20:27:49.9720382Z                 "title" : "Controls compression for the TRAP files written by the extractor.",
2025-05-28T20:27:49.9721204Z                 "description" : "This option is only intended for use in debugging the extractor. Accepted values are 'gzip' (the default, to write gzip-compressed TRAP) and 'none' (to write uncompressed TRAP).\n",
2025-05-28T20:27:49.9721890Z                 "type" : "string",
2025-05-28T20:27:49.9722115Z                 "pattern" : "^(none|gzip)$"
2025-05-28T20:27:49.9722541Z               }
2025-05-28T20:27:49.9722717Z             }
2025-05-28T20:27:49.9722898Z           }
2025-05-28T20:27:49.9723052Z         }
2025-05-28T20:27:49.9723193Z       }
2025-05-28T20:27:49.9723341Z     ],
2025-05-28T20:27:49.9723507Z     "csharp" : [
2025-05-28T20:27:49.9723672Z       {
2025-05-28T20:27:49.9723941Z         "extractor_root" : "/opt/hostedtoolcache/CodeQL/2.21.3/x64/codeql/csharp",
2025-05-28T20:27:49.9724277Z         "extractor_options" : {
2025-05-28T20:27:49.9724482Z           "trap" : {
2025-05-28T20:27:49.9724677Z             "title" : "Options pertaining to TRAP.",
2025-05-28T20:27:49.9724963Z             "description" : "Options pertaining to TRAP.",
2025-05-28T20:27:49.9725222Z             "type" : "object",
2025-05-28T20:27:49.9725426Z             "properties" : {
2025-05-28T20:27:49.9725620Z               "compression" : {
2025-05-28T20:27:49.9725943Z                 "title" : "Controls compression for the TRAP files written by the extractor.",
2025-05-28T20:27:49.9726789Z                 "description" : "This option is only intended for use in debugging the extractor. Accepted values are 'brotli' (the default, to write brotli-compressed TRAP), 'gzip', and 'none' (to write uncompressed TRAP).\n",
2025-05-28T20:27:49.9727507Z                 "type" : "string",
2025-05-28T20:27:49.9727892Z                 "pattern" : "^(none|gzip|brotli)$"
2025-05-28T20:27:49.9728121Z               }
2025-05-28T20:27:49.9728280Z             }
2025-05-28T20:27:49.9728428Z           },
2025-05-28T20:27:49.9728592Z           "buildless" : {
2025-05-28T20:27:49.9728901Z             "title" : "DEPRECATED - Whether to use buildless (standalone) extraction.",
2025-05-28T20:27:49.9730635Z             "description" : "DEPRECATED: Use `--build-mode none` instead.\nA value indicating, which type of extraction the autobuilder should perform. If 'true', then the standalone extractor will be used, otherwise tracing extraction will be performed. The default is 'false'. Note that buildless extraction will generally yield less accurate analysis results, and should only be used in cases where it is not possible to build the code (for example if it uses inaccessible dependencies).\n",
2025-05-28T20:27:49.9732146Z             "type" : "string",
2025-05-28T20:27:49.9732507Z             "pattern" : "^(false|true)$"
2025-05-28T20:27:49.9732732Z           },
2025-05-28T20:27:49.9732894Z           "logging" : {
2025-05-28T20:27:49.9733104Z             "title" : "Options pertaining to logging.",
2025-05-28T20:27:49.9733402Z             "description" : "Options pertaining to logging.",
2025-05-28T20:27:49.9733665Z             "type" : "object",
2025-05-28T20:27:49.9733870Z             "properties" : {
2025-05-28T20:27:49.9734079Z               "verbosity" : {
2025-05-28T20:27:49.9734307Z                 "title" : "Extractor logging verbosity level.",
2025-05-28T20:27:49.9735162Z                 "description" : "Controls the level of verbosity of the extractor. The supported levels are (in order of increasing verbosity):\n  - off\n  - errors\n  - warnings\n  - info or progress\n  - debug or progress+\n  - trace or progress++\n  - progress+++\n",
2025-05-28T20:27:49.9735957Z                 "type" : "string",
2025-05-28T20:27:49.9736388Z                 "pattern" : "^(off|errors|warnings|(info|progress)|(debug|progress\\+)|(trace|progress\\+\\+)|progress\\+\\+\\+)$"
2025-05-28T20:27:49.9736818Z               }
2025-05-28T20:27:49.9736972Z             }
2025-05-28T20:27:49.9737127Z           },
2025-05-28T20:27:49.9737284Z           "binlog" : {
2025-05-28T20:27:49.9737471Z             "title" : "Binlog",
2025-05-28T20:27:49.9738068Z             "description" : "[EXPERIMENTAL] The value is a path to the MsBuild binary log file that should be extracted. This option only works when `--build-mode none` is also specified.\n",
2025-05-28T20:27:49.9738691Z             "type" : "array"
2025-05-28T20:27:49.9738874Z           }
2025-05-28T20:27:49.9739026Z         }
2025-05-28T20:27:49.9739172Z       }
2025-05-28T20:27:49.9739316Z     ],
2025-05-28T20:27:49.9739471Z     "javascript" : [
2025-05-28T20:27:49.9739637Z       {
2025-05-28T20:27:49.9739908Z         "extractor_root" : "/opt/hostedtoolcache/CodeQL/2.21.3/x64/codeql/javascript",
2025-05-28T20:27:49.9740257Z         "extractor_options" : {
2025-05-28T20:27:49.9740456Z           "trap" : {
2025-05-28T20:27:49.9740644Z             "title" : "TRAP options",
2025-05-28T20:27:49.9740964Z             "description" : "Options about how the extractor handles TRAP files",
2025-05-28T20:27:49.9741284Z             "type" : "object",
2025-05-28T20:27:49.9741489Z             "visibility" : 3,
2025-05-28T20:27:49.9741686Z             "properties" : {
2025-05-28T20:27:49.9741885Z               "cache" : {
2025-05-28T20:27:49.9742095Z                 "title" : "TRAP cache options",
2025-05-28T20:27:49.9742550Z                 "description" : "Options about how the extractor handles its TRAP cache",
2025-05-28T20:27:49.9742886Z                 "type" : "object",
2025-05-28T20:27:49.9743099Z                 "properties" : {
2025-05-28T20:27:49.9743303Z                   "dir" : {
2025-05-28T20:27:49.9743515Z                     "title" : "TRAP cache directory",
2025-05-28T20:27:49.9743822Z                     "description" : "The directory of the TRAP cache to use",
2025-05-28T20:27:49.9744111Z                     "type" : "string"
2025-05-28T20:27:49.9744447Z                   },
2025-05-28T20:27:49.9744619Z                   "bound" : {
2025-05-28T20:27:49.9744825Z                     "title" : "TRAP cache bound",
2025-05-28T20:27:49.9745147Z                     "description" : "A soft limit (in MB) on the size of the TRAP cache",
2025-05-28T20:27:49.9745457Z                     "type" : "string",
2025-05-28T20:27:49.9745795Z                     "pattern" : "[0-9]+"
2025-05-28T20:27:49.9746010Z                   },
2025-05-28T20:27:49.9746185Z                   "write" : {
2025-05-28T20:27:49.9746391Z                     "title" : "TRAP cache writeable",
2025-05-28T20:27:49.9746746Z                     "description" : "Whether to write to the TRAP cache as well as reading it",
2025-05-28T20:27:49.9747087Z                     "type" : "string",
2025-05-28T20:27:49.9747320Z                     "pattern" : "(true|TRUE|false|FALSE)"
2025-05-28T20:27:49.9747553Z                   }
2025-05-28T20:27:49.9747716Z                 }
2025-05-28T20:27:49.9747880Z               }
2025-05-28T20:27:49.9748031Z             }
2025-05-28T20:27:49.9748186Z           },
2025-05-28T20:27:49.9748343Z           "skip_types" : {
2025-05-28T20:27:49.9748580Z             "title" : "Skip type extraction for TypeScript",
2025-05-28T20:27:49.9748983Z             "description" : "Whether to skip the extraction of types in a TypeScript application",
2025-05-28T20:27:49.9749348Z             "type" : "string",
2025-05-28T20:27:49.9749562Z             "pattern" : "^(false|true)$"
2025-05-28T20:27:49.9749775Z           }
2025-05-28T20:27:49.9749925Z         }
2025-05-28T20:27:49.9750066Z       }
2025-05-28T20:27:49.9750212Z     ],
2025-05-28T20:27:49.9750354Z     "swift" : [
2025-05-28T20:27:49.9750513Z       {
2025-05-28T20:27:49.9750758Z         "extractor_root" : "/opt/hostedtoolcache/CodeQL/2.21.3/x64/codeql/swift"
2025-05-28T20:27:49.9751069Z       }
2025-05-28T20:27:49.9751208Z     ],
2025-05-28T20:27:49.9751358Z     "python" : [
2025-05-28T20:27:49.9751523Z       {
2025-05-28T20:27:49.9751769Z         "extractor_root" : "/opt/hostedtoolcache/CodeQL/2.21.3/x64/codeql/python",
2025-05-28T20:27:49.9752104Z         "extractor_options" : {
2025-05-28T20:27:49.9752494Z           "logging" : {
2025-05-28T20:27:49.9752711Z             "title" : "Options pertaining to logging.",
2025-05-28T20:27:49.9753008Z             "description" : "Options pertaining to logging.",
2025-05-28T20:27:49.9753278Z             "type" : "object",
2025-05-28T20:27:49.9753475Z             "properties" : {
2025-05-28T20:27:49.9753678Z               "verbosity" : {
2025-05-28T20:27:49.9753923Z                 "title" : "Python extractor logging verbosity level.",
2025-05-28T20:27:49.9754843Z                 "description" : "Controls the level of verbosity of the CodeQL Python extractor.\nThe supported levels are (in order of increasing verbosity):\n\n  - off\n  - errors\n  - warnings\n  - info or progress\n  - debug or progress+\n  - trace or progress++\n  - progress+++\n",
2025-05-28T20:27:49.9755714Z                 "type" : "string",
2025-05-28T20:27:49.9756131Z                 "pattern" : "^(off|errors|warnings|(info|progress)|(debug|progress\\+)|(trace|progress\\+\\+)|progress\\+\\+\\+)$"
2025-05-28T20:27:49.9756559Z               }
2025-05-28T20:27:49.9756713Z             }
2025-05-28T20:27:49.9756871Z           },
2025-05-28T20:27:49.9757050Z           "python_executable_name" : {
2025-05-28T20:27:49.9757401Z             "title" : "Controls the name of the Python executable used by the Python extractor.",
2025-05-28T20:27:49.9758684Z             "description" : "The Python extractor uses platform-dependent heuristics to determine the name of the Python executable to use. Specifying a value for this option overrides the name of the Python executable used by the extractor. Accepted values are py, python and python3. Use this setting with caution, the Python extractor requires Python 3 to run.\n",
2025-05-28T20:27:49.9759830Z             "type" : "string",
2025-05-28T20:27:49.9760174Z             "pattern" : "^(py|python|python3)$"
2025-05-28T20:27:49.9760408Z           }
2025-05-28T20:27:49.9760551Z         }
2025-05-28T20:27:49.9760696Z       }
2025-05-28T20:27:49.9760834Z     ],
2025-05-28T20:27:49.9760987Z     "yaml" : [
2025-05-28T20:27:49.9761140Z       {
2025-05-28T20:27:49.9761385Z         "extractor_root" : "/opt/hostedtoolcache/CodeQL/2.21.3/x64/codeql/yaml"
2025-05-28T20:27:49.9761971Z       }
2025-05-28T20:27:49.9762250Z     ]
2025-05-28T20:27:49.9762671Z   }
2025-05-28T20:27:49.9762927Z }
2025-05-28T20:27:49.9971283Z Detected no issues with the code scanning workflow.
2025-05-28T20:27:49.9972146Z ##[endgroup]
2025-05-28T20:27:49.9975528Z ##[group]Load language configuration
2025-05-28T20:27:49.9981053Z [command]/opt/hostedtoolcache/CodeQL/2.21.3/x64/codeql/codeql resolve languages --format=betterjson --extractor-options-verbosity=4 --extractor-include-aliases
2025-05-28T20:27:50.9510823Z {
2025-05-28T20:27:50.9614642Z   "aliases" : {
2025-05-28T20:27:50.9616627Z     "c" : "cpp",
2025-05-28T20:27:50.9616978Z     "c++" : "cpp",
2025-05-28T20:27:50.9617275Z     "c-c++" : "cpp",
2025-05-28T20:27:50.9617597Z     "c-cpp" : "cpp",
2025-05-28T20:27:50.9617908Z     "c#" : "csharp",
2025-05-28T20:27:50.9618226Z     "java-kotlin" : "java",
2025-05-28T20:27:50.9618570Z     "kotlin" : "java",
2025-05-28T20:27:50.9618939Z     "javascript-typescript" : "javascript",
2025-05-28T20:27:50.9619396Z     "typescript" : "javascript"
2025-05-28T20:27:50.9619742Z   },
2025-05-28T20:27:50.9620007Z   "extractors" : {
2025-05-28T20:27:50.9620312Z     "properties" : [
2025-05-28T20:27:50.9620616Z       {
2025-05-28T20:27:50.9621092Z         "extractor_root" : "/opt/hostedtoolcache/CodeQL/2.21.3/x64/codeql/properties"
2025-05-28T20:27:50.9621686Z       }
2025-05-28T20:27:50.9621932Z     ],
2025-05-28T20:27:50.9622189Z     "csv" : [
2025-05-28T20:27:50.9622663Z       {
2025-05-28T20:27:50.9623098Z         "extractor_root" : "/opt/hostedtoolcache/CodeQL/2.21.3/x64/codeql/csv"
2025-05-28T20:27:50.9623655Z       }
2025-05-28T20:27:50.9623898Z     ],
2025-05-28T20:27:50.9624153Z     "html" : [
2025-05-28T20:27:50.9624422Z       {
2025-05-28T20:27:50.9624851Z         "extractor_root" : "/opt/hostedtoolcache/CodeQL/2.21.3/x64/codeql/html"
2025-05-28T20:27:50.9625385Z       }
2025-05-28T20:27:50.9625634Z     ],
2025-05-28T20:27:50.9625878Z     "cpp" : [
2025-05-28T20:27:50.9626153Z       {
2025-05-28T20:27:50.9626591Z         "extractor_root" : "/opt/hostedtoolcache/CodeQL/2.21.3/x64/codeql/cpp",
2025-05-28T20:27:50.9627174Z         "extractor_options" : {
2025-05-28T20:27:50.9627526Z           "trap" : {
2025-05-28T20:27:50.9627859Z             "title" : "TRAP options",
2025-05-28T20:27:50.9628421Z             "description" : "Options about how the extractor handles TRAP files",
2025-05-28T20:27:50.9628980Z             "type" : "object",
2025-05-28T20:27:50.9629346Z             "visibility" : 3,
2025-05-28T20:27:50.9629698Z             "properties" : {
2025-05-28T20:27:50.9630046Z               "cache" : {
2025-05-28T20:27:50.9630406Z                 "title" : "TRAP cache options",
2025-05-28T20:27:50.9631011Z                 "description" : "Options about how the extractor handles its TRAP cache",
2025-05-28T20:27:50.9631599Z                 "type" : "object",
2025-05-28T20:27:50.9631979Z                 "properties" : {
2025-05-28T20:27:50.9632558Z                   "dir" : {
2025-05-28T20:27:50.9632945Z                     "title" : "TRAP cache directory",
2025-05-28T20:27:50.9633493Z                     "description" : "The directory of the TRAP cache to use",
2025-05-28T20:27:50.9634013Z                     "type" : "string"
2025-05-28T20:27:50.9634392Z                   },
2025-05-28T20:27:50.9634692Z                   "bound" : {
2025-05-28T20:27:50.9635064Z                     "title" : "TRAP cache bound",
2025-05-28T20:27:50.9635627Z                     "description" : "A soft limit (in MB) on the size of the TRAP cache",
2025-05-28T20:27:50.9636197Z                     "type" : "string",
2025-05-28T20:27:50.9636983Z                     "pattern" : "[0-9]+"
2025-05-28T20:27:50.9637366Z                   },
2025-05-28T20:27:50.9637672Z                   "write" : {
2025-05-28T20:27:50.9638051Z                     "title" : "TRAP cache writeable",
2025-05-28T20:27:50.9638677Z                     "description" : "Whether to write to the TRAP cache as well as reading it",
2025-05-28T20:27:50.9639462Z                     "type" : "string",
2025-05-28T20:27:50.9639899Z                     "pattern" : "(true|TRUE|false|FALSE)"
2025-05-28T20:27:50.9640312Z                   }
2025-05-28T20:27:50.9640600Z                 }
2025-05-28T20:27:50.9640886Z               }
2025-05-28T20:27:50.9641151Z             }
2025-05-28T20:27:50.9641424Z           },
2025-05-28T20:27:50.9641705Z           "scale_timeouts" : {
2025-05-28T20:27:50.9642204Z             "title" : "Value to scale compiler introspection timeouts with",
2025-05-28T20:27:50.9644626Z             "description" : "The extractor attempts to determine what compiler the source code being extracted is compiled with. To this end the extractor makes additional calls to the compiler, some of which are expected to return within a certain fixed time (either 10s or 15s). On some systems that are under high load this time might be too short, and can be scaled up using this option.\n",
2025-05-28T20:27:50.9646752Z             "type" : "string",
2025-05-28T20:27:50.9647131Z             "pattern" : "[0-9]+"
2025-05-28T20:27:50.9647486Z           },
2025-05-28T20:27:50.9647782Z           "log_verbosity" : {
2025-05-28T20:27:50.9648205Z             "title" : "Verbosity of the extractor logging",
2025-05-28T20:27:50.9649153Z             "description" : "Set the verbosity of the extractor logging to 'quiet' (0), 'normal' (1), 'chatty' (2), or 'noisy' (3). The default is 'normal'.\n",
2025-05-28T20:27:50.9650031Z             "type" : "string",
2025-05-28T20:27:50.9650391Z             "pattern" : "[0-3]"
2025-05-28T20:27:50.9650738Z           }
2025-05-28T20:27:50.9650997Z         }
2025-05-28T20:27:50.9651263Z       }
2025-05-28T20:27:50.9651512Z     ],
2025-05-28T20:27:50.9651770Z     "go" : [
2025-05-28T20:27:50.9652034Z       {
2025-05-28T20:27:50.9652618Z         "extractor_root" : "/opt/hostedtoolcache/CodeQL/2.21.3/x64/codeql/go",
2025-05-28T20:27:50.9653195Z         "extractor_options" : {
2025-05-28T20:27:50.9653567Z           "extract_tests" : {
2025-05-28T20:27:50.9654077Z             "title" : "Whether to include Go test files in the CodeQL database.",
2025-05-28T20:27:50.9655090Z             "description" : "A value indicating whether Go test files should be included in the CodeQL database. The default is 'false'.\n",
2025-05-28T20:27:50.9655953Z             "type" : "string",
2025-05-28T20:27:50.9656325Z             "pattern" : "^(false|true)$"
2025-05-28T20:27:50.9656715Z           },
2025-05-28T20:27:50.9657010Z           "extract_vendor_dirs" : {
2025-05-28T20:27:50.9657593Z             "title" : "Whether to include Go vendor directories in the CodeQL database.",
2025-05-28T20:27:50.9658701Z             "description" : "A value indicating whether Go vendor directories should be included in the CodeQL database. The default is 'false'.\n",
2025-05-28T20:27:50.9659618Z             "type" : "string",
2025-05-28T20:27:50.9659991Z             "pattern" : "^(false|true)$"
2025-05-28T20:27:50.9660372Z           }
2025-05-28T20:27:50.9660635Z         }
2025-05-28T20:27:50.9660886Z       }
2025-05-28T20:27:50.9661149Z     ],
2025-05-28T20:27:50.9661403Z     "actions" : [
2025-05-28T20:27:50.9661700Z       {
2025-05-28T20:27:50.9662152Z         "extractor_root" : "/opt/hostedtoolcache/CodeQL/2.21.3/x64/codeql/actions",
2025-05-28T20:27:50.9663081Z         "extractor_options" : {
2025-05-28T20:27:50.9663435Z           "trap" : {
2025-05-28T20:27:50.9663756Z             "title" : "TRAP options",
2025-05-28T20:27:50.9664282Z             "description" : "Options about how the extractor handles TRAP files",
2025-05-28T20:27:50.9664838Z             "type" : "object",
2025-05-28T20:27:50.9665380Z             "visibility" : 3,
2025-05-28T20:27:50.9666099Z             "properties" : {
2025-05-28T20:27:50.9666668Z               "cache" : {
2025-05-28T20:27:50.9666996Z                 "title" : "TRAP cache options",
2025-05-28T20:27:50.9667488Z                 "description" : "Options about how the extractor handles its TRAP cache",
2025-05-28T20:27:50.9667830Z                 "type" : "object",
2025-05-28T20:27:50.9668242Z                 "properties" : {
2025-05-28T20:27:50.9668459Z                   "dir" : {
2025-05-28T20:27:50.9668686Z                     "title" : "TRAP cache directory",
2025-05-28T20:27:50.9669006Z                     "description" : "The directory of the TRAP cache to use",
2025-05-28T20:27:50.9669305Z                     "type" : "string"
2025-05-28T20:27:50.9669529Z                   },
2025-05-28T20:27:50.9669701Z                   "bound" : {
2025-05-28T20:27:50.9669919Z                     "title" : "TRAP cache bound",
2025-05-28T20:27:50.9670244Z                     "description" : "A soft limit (in MB) on the size of the TRAP cache",
2025-05-28T20:27:50.9670580Z                     "type" : "string",
2025-05-28T20:27:50.9670806Z                     "pattern" : "[0-9]+"
2025-05-28T20:27:50.9671025Z                   },
2025-05-28T20:27:50.9671204Z                   "write" : {
2025-05-28T20:27:50.9671419Z                     "title" : "TRAP cache writeable",
2025-05-28T20:27:50.9671782Z                     "description" : "Whether to write to the TRAP cache as well as reading it",
2025-05-28T20:27:50.9672124Z                     "type" : "string",
2025-05-28T20:27:50.9672580Z                     "pattern" : "(true|TRUE|false|FALSE)"
2025-05-28T20:27:50.9672836Z                   }
2025-05-28T20:27:50.9673032Z                 }
2025-05-28T20:27:50.9673223Z               }
2025-05-28T20:27:50.9673377Z             }
2025-05-28T20:27:50.9673534Z           }
2025-05-28T20:27:50.9673682Z         }
2025-05-28T20:27:50.9673822Z       }
2025-05-28T20:27:50.9673965Z     ],
2025-05-28T20:27:50.9674116Z     "xml" : [
2025-05-28T20:27:50.9674271Z       {
2025-05-28T20:27:50.9674516Z         "extractor_root" : "/opt/hostedtoolcache/CodeQL/2.21.3/x64/codeql/xml"
2025-05-28T20:27:50.9674824Z       }
2025-05-28T20:27:50.9674961Z     ],
2025-05-28T20:27:50.9675105Z     "java" : [
2025-05-28T20:27:50.9675257Z       {
2025-05-28T20:27:50.9675503Z         "extractor_root" : "/opt/hostedtoolcache/CodeQL/2.21.3/x64/codeql/java",
2025-05-28T20:27:50.9675825Z         "extractor_options" : {
2025-05-28T20:27:50.9676032Z           "exclude" : {
2025-05-28T20:27:50.9676258Z             "title" : "A glob excluding files from analysis.",
2025-05-28T20:27:50.9676913Z             "description" : "A glob indicating what files to exclude from the analysis. This accepts glob patterns that are supported by Java's 'getPathMatcher' implementation.\n",
2025-05-28T20:27:50.9677515Z             "type" : "string"
2025-05-28T20:27:50.9677701Z           },
2025-05-28T20:27:50.9677873Z           "add_prefer_source" : {
2025-05-28T20:27:50.9678172Z             "title" : "Whether to always prefer source files over class files.",
2025-05-28T20:27:50.9679231Z             "description" : "A value indicating whether source files should be preferred over class files. If set to 'true', the extraction adds '-Xprefer:source' to the javac command line. If set to 'false', the extraction uses the default javac behavior ('-Xprefer:newer'). The default is 'true'.\n",
2025-05-28T20:27:50.9680173Z             "type" : "string",
2025-05-28T20:27:50.9680378Z             "pattern" : "^(false|true)$"
2025-05-28T20:27:50.9680596Z           },
2025-05-28T20:27:50.9680753Z           "buildless" : {
2025-05-28T20:27:50.9681051Z             "title" : "Whether to use buildless (standalone) extraction (experimental).",
2025-05-28T20:27:50.9682720Z             "description" : "A value indicating, which type of extraction the autobuilder should perform. If 'true', then the standalone extractor will be used, otherwise tracing extraction will be performed. The default is 'false'. Note that buildless extraction will generally yield less accurate analysis results, and should only be used in cases where it is not possible to build the code (for example if it uses inaccessible dependencies).\n",
2025-05-28T20:27:50.9684209Z             "type" : "string",
2025-05-28T20:27:50.9684421Z             "pattern" : "^(false|true)$"
2025-05-28T20:27:50.9684635Z           },
2025-05-28T20:27:50.9684929Z           "buildless_dependency_dir" : {
2025-05-28T20:27:50.9685308Z             "title" : "The path where buildless (standalone) extraction should keep dependencies.",
2025-05-28T20:27:50.9685876Z             "description" : "If set, the buildless (standalone) extractor will store dependencies in this directory.\n",
2025-05-28T20:27:50.9686300Z             "type" : "string"
2025-05-28T20:27:50.9686484Z           },
2025-05-28T20:27:50.9686655Z           "minimize_dependency_jars" : {
2025-05-28T20:27:50.9687017Z             "title" : "Whether to rewrite and minimize downloaded JAR dependencies (experimental).",
2025-05-28T20:27:50.9687758Z             "description" : "If 'true', JAR dependencies downloaded during extraction will be rewritten to remove unneeded data, such as method bodies. The default is 'false'.\n",
2025-05-28T20:27:50.9688344Z             "type" : "string",
2025-05-28T20:27:50.9688547Z             "pattern" : "^(false|true)$"
2025-05-28T20:27:50.9688757Z           }
2025-05-28T20:27:50.9688905Z         }
2025-05-28T20:27:50.9689048Z       }
2025-05-28T20:27:50.9689185Z     ],
2025-05-28T20:27:50.9689331Z     "ruby" : [
2025-05-28T20:27:50.9689482Z       {
2025-05-28T20:27:50.9689734Z         "extractor_root" : "/opt/hostedtoolcache/CodeQL/2.21.3/x64/codeql/ruby",
2025-05-28T20:27:50.9690061Z         "extractor_options" : {
2025-05-28T20:27:50.9690266Z           "trap" : {
2025-05-28T20:27:50.9690471Z             "title" : "Options pertaining to TRAP.",
2025-05-28T20:27:50.9690751Z             "description" : "Options pertaining to TRAP.",
2025-05-28T20:27:50.9691016Z             "type" : "object",
2025-05-28T20:27:50.9691215Z             "properties" : {
2025-05-28T20:27:50.9691432Z               "compression" : {
2025-05-28T20:27:50.9691884Z                 "title" : "Controls compression for the TRAP files written by the extractor.",
2025-05-28T20:27:50.9693487Z                 "description" : "This option is only intended for use in debugging the extractor. Accepted values are 'gzip' (the default, to write gzip-compressed TRAP) and 'none' (to write uncompressed TRAP).\n",
2025-05-28T20:27:50.9694711Z                 "type" : "string",
2025-05-28T20:27:50.9695097Z                 "pattern" : "^(none|gzip)$"
2025-05-28T20:27:50.9695484Z               }
2025-05-28T20:27:50.9695758Z             }
2025-05-28T20:27:50.9696025Z           }
2025-05-28T20:27:50.9696274Z         }
2025-05-28T20:27:50.9696530Z       }
2025-05-28T20:27:50.9696775Z     ],
2025-05-28T20:27:50.9697033Z     "csharp" : [
2025-05-28T20:27:50.9697311Z       {
2025-05-28T20:27:50.9697765Z         "extractor_root" : "/opt/hostedtoolcache/CodeQL/2.21.3/x64/codeql/csharp",
2025-05-28T20:27:50.9698359Z         "extractor_options" : {
2025-05-28T20:27:50.9698717Z           "trap" : {
2025-05-28T20:27:50.9699065Z             "title" : "Options pertaining to TRAP.",
2025-05-28T20:27:50.9699556Z             "description" : "Options pertaining to TRAP.",
2025-05-28T20:27:50.9700016Z             "type" : "object",
2025-05-28T20:27:50.9700370Z             "properties" : {
2025-05-28T20:27:50.9700730Z               "compression" : {
2025-05-28T20:27:50.9701289Z                 "title" : "Controls compression for the TRAP files written by the extractor.",
2025-05-28T20:27:50.9702915Z                 "description" : "This option is only intended for use in debugging the extractor. Accepted values are 'brotli' (the default, to write brotli-compressed TRAP), 'gzip', and 'none' (to write uncompressed TRAP).\n",
2025-05-28T20:27:50.9704206Z                 "type" : "string",
2025-05-28T20:27:50.9704603Z                 "pattern" : "^(none|gzip|brotli)$"
2025-05-28T20:27:50.9705193Z               }
2025-05-28T20:27:50.9705462Z             }
2025-05-28T20:27:50.9705728Z           },
2025-05-28T20:27:50.9705999Z           "buildless" : {
2025-05-28T20:27:50.9706536Z             "title" : "DEPRECATED - Whether to use buildless (standalone) extraction.",
2025-05-28T20:27:50.9709570Z             "description" : "DEPRECATED: Use `--build-mode none` instead.\nA value indicating, which type of extraction the autobuilder should perform. If 'true', then the standalone extractor will be used, otherwise tracing extraction will be performed. The default is 'false'. Note that buildless extraction will generally yield less accurate analysis results, and should only be used in cases where it is not possible to build the code (for example if it uses inaccessible dependencies).\n",
2025-05-28T20:27:50.9712208Z             "type" : "string",
2025-05-28T20:27:50.9712743Z             "pattern" : "^(false|true)$"
2025-05-28T20:27:50.9713121Z           },
2025-05-28T20:27:50.9713415Z           "logging" : {
2025-05-28T20:27:50.9713785Z             "title" : "Options pertaining to logging.",
2025-05-28T20:27:50.9714306Z             "description" : "Options pertaining to logging.",
2025-05-28T20:27:50.9714786Z             "type" : "object",
2025-05-28T20:27:50.9715139Z             "properties" : {
2025-05-28T20:27:50.9715493Z               "verbosity" : {
2025-05-28T20:27:50.9715905Z                 "title" : "Extractor logging verbosity level.",
2025-05-28T20:27:50.9717406Z                 "description" : "Controls the level of verbosity of the extractor. The supported levels are (in order of increasing verbosity):\n  - off\n  - errors\n  - warnings\n  - info or progress\n  - debug or progress+\n  - trace or progress++\n  - progress+++\n",
2025-05-28T20:27:50.9718840Z                 "type" : "string",
2025-05-28T20:27:50.9719574Z                 "pattern" : "^(off|errors|warnings|(info|progress)|(debug|progress\\+)|(trace|progress\\+\\+)|progress\\+\\+\\+)$"
2025-05-28T20:27:50.9720329Z               }
2025-05-28T20:27:50.9720598Z             }
2025-05-28T20:27:50.9720865Z           },
2025-05-28T20:27:50.9721131Z           "binlog" : {
2025-05-28T20:27:50.9721449Z             "title" : "Binlog",
2025-05-28T20:27:50.9722646Z             "description" : "[EXPERIMENTAL] The value is a path to the MsBuild binary log file that should be extracted. This option only works when `--build-mode none` is also specified.\n",
2025-05-28T20:27:50.9723755Z             "type" : "array"
2025-05-28T20:27:50.9724088Z           }
2025-05-28T20:27:50.9724344Z         }
2025-05-28T20:27:50.9724598Z       }
2025-05-28T20:27:50.9724842Z     ],
2025-05-28T20:27:50.9725107Z     "javascript" : [
2025-05-28T20:27:50.9725397Z       {
2025-05-28T20:27:50.9725870Z         "extractor_root" : "/opt/hostedtoolcache/CodeQL/2.21.3/x64/codeql/javascript",
2025-05-28T20:27:50.9726478Z         "extractor_options" : {
2025-05-28T20:27:50.9726830Z           "trap" : {
2025-05-28T20:27:50.9727153Z             "title" : "TRAP options",
2025-05-28T20:27:50.9727708Z             "description" : "Options about how the extractor handles TRAP files",
2025-05-28T20:27:50.9728277Z             "type" : "object",
2025-05-28T20:27:50.9728622Z             "visibility" : 3,
2025-05-28T20:27:50.9728980Z             "properties" : {
2025-05-28T20:27:50.9729319Z               "cache" : {
2025-05-28T20:27:50.9729682Z                 "title" : "TRAP cache options",
2025-05-28T20:27:50.9730280Z                 "description" : "Options about how the extractor handles its TRAP cache",
2025-05-28T20:27:50.9730867Z                 "type" : "object",
2025-05-28T20:27:50.9731232Z                 "properties" : {
2025-05-28T20:27:50.9731587Z                   "dir" : {
2025-05-28T20:27:50.9731996Z                     "title" : "TRAP cache directory",
2025-05-28T20:27:50.9732671Z                     "description" : "The directory of the TRAP cache to use",
2025-05-28T20:27:50.9733192Z                     "type" : "string"
2025-05-28T20:27:50.9733727Z                   },
2025-05-28T20:27:50.9734037Z                   "bound" : {
2025-05-28T20:27:50.9734399Z                     "title" : "TRAP cache bound",
2025-05-28T20:27:50.9734972Z                     "description" : "A soft limit (in MB) on the size of the TRAP cache",
2025-05-28T20:27:50.9735522Z                     "type" : "string",
2025-05-28T20:27:50.9736060Z                     "pattern" : "[0-9]+"
2025-05-28T20:27:50.9736464Z                   },
2025-05-28T20:27:50.9736757Z                   "write" : {
2025-05-28T20:27:50.9737136Z                     "title" : "TRAP cache writeable",
2025-05-28T20:27:50.9737740Z                     "description" : "Whether to write to the TRAP cache as well as reading it",
2025-05-28T20:27:50.9738337Z                     "type" : "string",
2025-05-28T20:27:50.9738728Z                     "pattern" : "(true|TRUE|false|FALSE)"
2025-05-28T20:27:50.9739135Z                   }
2025-05-28T20:27:50.9739405Z                 }
2025-05-28T20:27:50.9739696Z               }
2025-05-28T20:27:50.9739977Z             }
2025-05-28T20:27:50.9740233Z           },
2025-05-28T20:27:50.9740518Z           "skip_types" : {
2025-05-28T20:27:50.9740922Z             "title" : "Skip type extraction for TypeScript",
2025-05-28T20:27:50.9741635Z             "description" : "Whether to skip the extraction of types in a TypeScript application",
2025-05-28T20:27:50.9742289Z             "type" : "string",
2025-05-28T20:27:50.9742811Z             "pattern" : "^(false|true)$"
2025-05-28T20:27:50.9743184Z           }
2025-05-28T20:27:50.9743440Z         }
2025-05-28T20:27:50.9743686Z       }
2025-05-28T20:27:50.9743943Z     ],
2025-05-28T20:27:50.9744193Z     "swift" : [
2025-05-28T20:27:50.9744470Z       {
2025-05-28T20:27:50.9744904Z         "extractor_root" : "/opt/hostedtoolcache/CodeQL/2.21.3/x64/codeql/swift"
2025-05-28T20:27:50.9745453Z       }
2025-05-28T20:27:50.9745704Z     ],
2025-05-28T20:27:50.9745961Z     "python" : [
2025-05-28T20:27:50.9746242Z       {
2025-05-28T20:27:50.9746687Z         "extractor_root" : "/opt/hostedtoolcache/CodeQL/2.21.3/x64/codeql/python",
2025-05-28T20:27:50.9747275Z         "extractor_options" : {
2025-05-28T20:27:50.9747625Z           "logging" : {
2025-05-28T20:27:50.9747997Z             "title" : "Options pertaining to logging.",
2025-05-28T20:27:50.9748508Z             "description" : "Options pertaining to logging.",
2025-05-28T20:27:50.9748986Z             "type" : "object",
2025-05-28T20:27:50.9749344Z             "properties" : {
2025-05-28T20:27:50.9749689Z               "verbosity" : {
2025-05-28T20:27:50.9750126Z                 "title" : "Python extractor logging verbosity level.",
2025-05-28T20:27:50.9751739Z                 "description" : "Controls the level of verbosity of the CodeQL Python extractor.\nThe supported levels are (in order of increasing verbosity):\n\n  - off\n  - errors\n  - warnings\n  - info or progress\n  - debug or progress+\n  - trace or progress++\n  - progress+++\n",
2025-05-28T20:27:50.9753378Z                 "type" : "string",
2025-05-28T20:27:50.9754121Z                 "pattern" : "^(off|errors|warnings|(info|progress)|(debug|progress\\+)|(trace|progress\\+\\+)|progress\\+\\+\\+)$"
2025-05-28T20:27:50.9754868Z               }
2025-05-28T20:27:50.9755151Z             }
2025-05-28T20:27:50.9755410Z           },
2025-05-28T20:27:50.9755708Z           "python_executable_name" : {
2025-05-28T20:27:50.9756323Z             "title" : "Controls the name of the Python executable used by the Python extractor.",
2025-05-28T20:27:50.9758597Z             "description" : "The Python extractor uses platform-dependent heuristics to determine the name of the Python executable to use. Specifying a value for this option overrides the name of the Python executable used by the extractor. Accepted values are py, python and python3. Use this setting with caution, the Python extractor requires Python 3 to run.\n",
2025-05-28T20:27:50.9760631Z             "type" : "string",
2025-05-28T20:27:50.9761009Z             "pattern" : "^(py|python|python3)$"
2025-05-28T20:27:50.9761602Z           }
2025-05-28T20:27:50.9761850Z         }
2025-05-28T20:27:50.9762109Z       }
2025-05-28T20:27:50.9762480Z     ],
2025-05-28T20:27:50.9762742Z     "yaml" : [
2025-05-28T20:27:50.9763002Z       {
2025-05-28T20:27:50.9763436Z         "extractor_root" : "/opt/hostedtoolcache/CodeQL/2.21.3/x64/codeql/yaml"
2025-05-28T20:27:50.9763976Z       }
2025-05-28T20:27:50.9764385Z     ]
2025-05-28T20:27:50.9764635Z   }
2025-05-28T20:27:50.9764878Z }
2025-05-28T20:27:50.9931660Z Languages from configuration: python
2025-05-28T20:27:50.9942179Z [command]/opt/hostedtoolcache/CodeQL/2.21.3/x64/codeql/codeql resolve languages --format=betterjson --extractor-options-verbosity=4 --extractor-include-aliases
2025-05-28T20:27:51.8887354Z {
2025-05-28T20:27:51.8889845Z   "aliases" : {
2025-05-28T20:27:51.8890357Z     "c" : "cpp",
2025-05-28T20:27:51.8890651Z     "c++" : "cpp",
2025-05-28T20:27:51.8890955Z     "c-c++" : "cpp",
2025-05-28T20:27:51.8891284Z     "c-cpp" : "cpp",
2025-05-28T20:27:51.8891631Z     "c#" : "csharp",
2025-05-28T20:27:51.8891921Z     "java-kotlin" : "java",
2025-05-28T20:27:51.8892209Z     "kotlin" : "java",
2025-05-28T20:27:51.8892753Z     "javascript-typescript" : "javascript",
2025-05-28T20:27:51.8893178Z     "typescript" : "javascript"
2025-05-28T20:27:51.8893518Z   },
2025-05-28T20:27:51.8893782Z   "extractors" : {
2025-05-28T20:27:51.8894117Z     "properties" : [
2025-05-28T20:27:51.8894428Z       {
2025-05-28T20:27:51.8894936Z         "extractor_root" : "/opt/hostedtoolcache/CodeQL/2.21.3/x64/codeql/properties"
2025-05-28T20:27:51.8895538Z       }
2025-05-28T20:27:51.8895803Z     ],
2025-05-28T20:27:51.8896051Z     "csv" : [
2025-05-28T20:27:51.8896315Z       {
2025-05-28T20:27:51.8896751Z         "extractor_root" : "/opt/hostedtoolcache/CodeQL/2.21.3/x64/codeql/csv"
2025-05-28T20:27:51.8897233Z       }
2025-05-28T20:27:51.8897448Z     ],
2025-05-28T20:27:51.8897665Z     "html" : [
2025-05-28T20:27:51.8897939Z       {
2025-05-28T20:27:51.8898379Z         "extractor_root" : "/opt/hostedtoolcache/CodeQL/2.21.3/x64/codeql/html"
2025-05-28T20:27:51.8898952Z       }
2025-05-28T20:27:51.8899211Z     ],
2025-05-28T20:27:51.8899473Z     "cpp" : [
2025-05-28T20:27:51.8899757Z       {
2025-05-28T20:27:51.8900202Z         "extractor_root" : "/opt/hostedtoolcache/CodeQL/2.21.3/x64/codeql/cpp",
2025-05-28T20:27:51.8900796Z         "extractor_options" : {
2025-05-28T20:27:51.8901199Z           "trap" : {
2025-05-28T20:27:51.8901529Z             "title" : "TRAP options",
2025-05-28T20:27:51.8902078Z             "description" : "Options about how the extractor handles TRAP files",
2025-05-28T20:27:51.8902898Z             "type" : "object",
2025-05-28T20:27:51.8903284Z             "visibility" : 3,
2025-05-28T20:27:51.8903637Z             "properties" : {
2025-05-28T20:27:51.8904013Z               "cache" : {
2025-05-28T20:27:51.8904396Z                 "title" : "TRAP cache options",
2025-05-28T20:27:51.8905031Z                 "description" : "Options about how the extractor handles its TRAP cache",
2025-05-28T20:27:51.8905679Z                 "type" : "object",
2025-05-28T20:27:51.8906038Z                 "properties" : {
2025-05-28T20:27:51.8906369Z                   "dir" : {
2025-05-28T20:27:51.8906747Z                     "title" : "TRAP cache directory",
2025-05-28T20:27:51.8907316Z                     "description" : "The directory of the TRAP cache to use",
2025-05-28T20:27:51.8907803Z                     "type" : "string"
2025-05-28T20:27:51.8908145Z                   },
2025-05-28T20:27:51.8908457Z                   "bound" : {
2025-05-28T20:27:51.8908827Z                     "title" : "TRAP cache bound",
2025-05-28T20:27:51.8909400Z                     "description" : "A soft limit (in MB) on the size of the TRAP cache",
2025-05-28T20:27:51.8909943Z                     "type" : "string",
2025-05-28T20:27:51.8910326Z                     "pattern" : "[0-9]+"
2025-05-28T20:27:51.8910705Z                   },
2025-05-28T20:27:51.8911012Z                   "write" : {
2025-05-28T20:27:51.8911760Z                     "title" : "TRAP cache writeable",
2025-05-28T20:27:51.8912588Z                     "description" : "Whether to write to the TRAP cache as well as reading it",
2025-05-28T20:27:51.8913239Z                     "type" : "string",
2025-05-28T20:27:51.8913675Z                     "pattern" : "(true|TRUE|false|FALSE)"
2025-05-28T20:27:51.8914086Z                   }
2025-05-28T20:27:51.8914538Z                 }
2025-05-28T20:27:51.8914786Z               }
2025-05-28T20:27:51.8915019Z             }
2025-05-28T20:27:51.8915280Z           },
2025-05-28T20:27:51.8915565Z           "scale_timeouts" : {
2025-05-28T20:27:51.8916060Z             "title" : "Value to scale compiler introspection timeouts with",
2025-05-28T20:27:51.8918369Z             "description" : "The extractor attempts to determine what compiler the source code being extracted is compiled with. To this end the extractor makes additional calls to the compiler, some of which are expected to return within a certain fixed time (either 10s or 15s). On some systems that are under high load this time might be too short, and can be scaled up using this option.\n",
2025-05-28T20:27:51.8920521Z             "type" : "string",
2025-05-28T20:27:51.8920901Z             "pattern" : "[0-9]+"
2025-05-28T20:27:51.8921232Z           },
2025-05-28T20:27:51.8921510Z           "log_verbosity" : {
2025-05-28T20:27:51.8921957Z             "title" : "Verbosity of the extractor logging",
2025-05-28T20:27:51.8923064Z             "description" : "Set the verbosity of the extractor logging to 'quiet' (0), 'normal' (1), 'chatty' (2), or 'noisy' (3). The default is 'normal'.\n",
2025-05-28T20:27:51.8923980Z             "type" : "string",
2025-05-28T20:27:51.8924348Z             "pattern" : "[0-3]"
2025-05-28T20:27:51.8924681Z           }
2025-05-28T20:27:51.8924944Z         }
2025-05-28T20:27:51.8925215Z       }
2025-05-28T20:27:51.8925451Z     ],
2025-05-28T20:27:51.8925704Z     "go" : [
2025-05-28T20:27:51.8925951Z       {
2025-05-28T20:27:51.8926388Z         "extractor_root" : "/opt/hostedtoolcache/CodeQL/2.21.3/x64/codeql/go",
2025-05-28T20:27:51.8926973Z         "extractor_options" : {
2025-05-28T20:27:51.8927345Z           "extract_tests" : {
2025-05-28T20:27:51.8927860Z             "title" : "Whether to include Go test files in the CodeQL database.",
2025-05-28T20:27:51.8928866Z             "description" : "A value indicating whether Go test files should be included in the CodeQL database. The default is 'false'.\n",
2025-05-28T20:27:51.8929754Z             "type" : "string",
2025-05-28T20:27:51.8930137Z             "pattern" : "^(false|true)$"
2025-05-28T20:27:51.8930501Z           },
2025-05-28T20:27:51.8930800Z           "extract_vendor_dirs" : {
2025-05-28T20:27:51.8931375Z             "title" : "Whether to include Go vendor directories in the CodeQL database.",
2025-05-28T20:27:51.8932710Z             "description" : "A value indicating whether Go vendor directories should be included in the CodeQL database. The default is 'false'.\n",
2025-05-28T20:27:51.8933702Z             "type" : "string",
2025-05-28T20:27:51.8934089Z             "pattern" : "^(false|true)$"
2025-05-28T20:27:51.8934486Z           }
2025-05-28T20:27:51.8934762Z         }
2025-05-28T20:27:51.8935018Z       }
2025-05-28T20:27:51.8935276Z     ],
2025-05-28T20:27:51.8935538Z     "actions" : [
2025-05-28T20:27:51.8935826Z       {
2025-05-28T20:27:51.8936270Z         "extractor_root" : "/opt/hostedtoolcache/CodeQL/2.21.3/x64/codeql/actions",
2025-05-28T20:27:51.8936905Z         "extractor_options" : {
2025-05-28T20:27:51.8937252Z           "trap" : {
2025-05-28T20:27:51.8937576Z             "title" : "TRAP options",
2025-05-28T20:27:51.8938166Z             "description" : "Options about how the extractor handles TRAP files",
2025-05-28T20:27:51.8939046Z             "type" : "object",
2025-05-28T20:27:51.8939439Z             "visibility" : 3,
2025-05-28T20:27:51.8939785Z             "properties" : {
2025-05-28T20:27:51.8940125Z               "cache" : {
2025-05-28T20:27:51.8940756Z                 "title" : "TRAP cache options",
2025-05-28T20:27:51.8941239Z                 "description" : "Options about how the extractor handles its TRAP cache",
2025-05-28T20:27:51.8941593Z                 "type" : "object",
2025-05-28T20:27:51.8941811Z                 "properties" : {
2025-05-28T20:27:51.8942021Z                   "dir" : {
2025-05-28T20:27:51.8942631Z                     "title" : "TRAP cache directory",
2025-05-28T20:27:51.8943062Z                     "description" : "The directory of the TRAP cache to use",
2025-05-28T20:27:51.8943360Z                     "type" : "string"
2025-05-28T20:27:51.8943580Z                   },
2025-05-28T20:27:51.8943760Z                   "bound" : {
2025-05-28T20:27:51.8943979Z                     "title" : "TRAP cache bound",
2025-05-28T20:27:51.8944312Z                     "description" : "A soft limit (in MB) on the size of the TRAP cache",
2025-05-28T20:27:51.8944640Z                     "type" : "string",
2025-05-28T20:27:51.8944880Z                     "pattern" : "[0-9]+"
2025-05-28T20:27:51.8945092Z                   },
2025-05-28T20:27:51.8945270Z                   "write" : {
2025-05-28T20:27:51.8945483Z                     "title" : "TRAP cache writeable",
2025-05-28T20:27:51.8945843Z                     "description" : "Whether to write to the TRAP cache as well as reading it",
2025-05-28T20:27:51.8946187Z                     "type" : "string",
2025-05-28T20:27:51.8946431Z                     "pattern" : "(true|TRUE|false|FALSE)"
2025-05-28T20:27:51.8946670Z                   }
2025-05-28T20:27:51.8946830Z                 }
2025-05-28T20:27:51.8946992Z               }
2025-05-28T20:27:51.8947147Z             }
2025-05-28T20:27:51.8947301Z           }
2025-05-28T20:27:51.8947443Z         }
2025-05-28T20:27:51.8947596Z       }
2025-05-28T20:27:51.8947737Z     ],
2025-05-28T20:27:51.8947885Z     "xml" : [
2025-05-28T20:27:51.8948034Z       {
2025-05-28T20:27:51.8948285Z         "extractor_root" : "/opt/hostedtoolcache/CodeQL/2.21.3/x64/codeql/xml"
2025-05-28T20:27:51.8948602Z       }
2025-05-28T20:27:51.8948743Z     ],
2025-05-28T20:27:51.8948894Z     "java" : [
2025-05-28T20:27:51.8949047Z       {
2025-05-28T20:27:51.8949294Z         "extractor_root" : "/opt/hostedtoolcache/CodeQL/2.21.3/x64/codeql/java",
2025-05-28T20:27:51.8949612Z         "extractor_options" : {
2025-05-28T20:27:51.8949819Z           "exclude" : {
2025-05-28T20:27:51.8950043Z             "title" : "A glob excluding files from analysis.",
2025-05-28T20:27:51.8950701Z             "description" : "A glob indicating what files to exclude from the analysis. This accepts glob patterns that are supported by Java's 'getPathMatcher' implementation.\n",
2025-05-28T20:27:51.8951305Z             "type" : "string"
2025-05-28T20:27:51.8951493Z           },
2025-05-28T20:27:51.8951666Z           "add_prefer_source" : {
2025-05-28T20:27:51.8951958Z             "title" : "Whether to always prefer source files over class files.",
2025-05-28T20:27:51.8953132Z             "description" : "A value indicating whether source files should be preferred over class files. If set to 'true', the extraction adds '-Xprefer:source' to the javac command line. If set to 'false', the extraction uses the default javac behavior ('-Xprefer:newer'). The default is 'true'.\n",
2025-05-28T20:27:51.8954049Z             "type" : "string",
2025-05-28T20:27:51.8954260Z             "pattern" : "^(false|true)$"
2025-05-28T20:27:51.8954486Z           },
2025-05-28T20:27:51.8954645Z           "buildless" : {
2025-05-28T20:27:51.8954943Z             "title" : "Whether to use buildless (standalone) extraction (experimental).",
2025-05-28T20:27:51.8956415Z             "description" : "A value indicating, which type of extraction the autobuilder should perform. If 'true', then the standalone extractor will be used, otherwise tracing extraction will be performed. The default is 'false'. Note that buildless extraction will generally yield less accurate analysis results, and should only be used in cases where it is not possible to build the code (for example if it uses inaccessible dependencies).\n",
2025-05-28T20:27:51.8957908Z             "type" : "string",
2025-05-28T20:27:51.8958114Z             "pattern" : "^(false|true)$"
2025-05-28T20:27:51.8958323Z           },
2025-05-28T20:27:51.8958502Z           "buildless_dependency_dir" : {
2025-05-28T20:27:51.8958965Z             "title" : "The path where buildless (standalone) extraction should keep dependencies.",
2025-05-28T20:27:51.8959538Z             "description" : "If set, the buildless (standalone) extractor will store dependencies in this directory.\n",
2025-05-28T20:27:51.8959957Z             "type" : "string"
2025-05-28T20:27:51.8960145Z           },
2025-05-28T20:27:51.8960317Z           "minimize_dependency_jars" : {
2025-05-28T20:27:51.8960691Z             "title" : "Whether to rewrite and minimize downloaded JAR dependencies (experimental).",
2025-05-28T20:27:51.8961431Z             "description" : "If 'true', JAR dependencies downloaded during extraction will be rewritten to remove unneeded data, such as method bodies. The default is 'false'.\n",
2025-05-28T20:27:51.8962021Z             "type" : "string",
2025-05-28T20:27:51.8962233Z             "pattern" : "^(false|true)$"
2025-05-28T20:27:51.8962660Z           }
2025-05-28T20:27:51.8962816Z         }
2025-05-28T20:27:51.8962957Z       }
2025-05-28T20:27:51.8963100Z     ],
2025-05-28T20:27:51.8963247Z     "ruby" : [
2025-05-28T20:27:51.8963405Z       {
2025-05-28T20:27:51.8963657Z         "extractor_root" : "/opt/hostedtoolcache/CodeQL/2.21.3/x64/codeql/ruby",
2025-05-28T20:27:51.8963984Z         "extractor_options" : {
2025-05-28T20:27:51.8964189Z           "trap" : {
2025-05-28T20:27:51.8964390Z             "title" : "Options pertaining to TRAP.",
2025-05-28T20:27:51.8964684Z             "description" : "Options pertaining to TRAP.",
2025-05-28T20:27:51.8964937Z             "type" : "object",
2025-05-28T20:27:51.8965141Z             "properties" : {
2025-05-28T20:27:51.8965339Z               "compression" : {
2025-05-28T20:27:51.8965671Z                 "title" : "Controls compression for the TRAP files written by the extractor.",
2025-05-28T20:27:51.8966487Z                 "description" : "This option is only intended for use in debugging the extractor. Accepted values are 'gzip' (the default, to write gzip-compressed TRAP) and 'none' (to write uncompressed TRAP).\n",
2025-05-28T20:27:51.8967161Z                 "type" : "string",
2025-05-28T20:27:51.8967391Z                 "pattern" : "^(none|gzip)$"
2025-05-28T20:27:51.8967610Z               }
2025-05-28T20:27:51.8967772Z             }
2025-05-28T20:27:51.8967923Z           }
2025-05-28T20:27:51.8968073Z         }
2025-05-28T20:27:51.8968217Z       }
2025-05-28T20:27:51.8968354Z     ],
2025-05-28T20:27:51.8968503Z     "csharp" : [
2025-05-28T20:27:51.8968662Z       {
2025-05-28T20:27:51.8968916Z         "extractor_root" : "/opt/hostedtoolcache/CodeQL/2.21.3/x64/codeql/csharp",
2025-05-28T20:27:51.8969245Z         "extractor_options" : {
2025-05-28T20:27:51.8969450Z           "trap" : {
2025-05-28T20:27:51.8969643Z             "title" : "Options pertaining to TRAP.",
2025-05-28T20:27:51.8969925Z             "description" : "Options pertaining to TRAP.",
2025-05-28T20:27:51.8970177Z             "type" : "object",
2025-05-28T20:27:51.8970387Z             "properties" : {
2025-05-28T20:27:51.8970596Z               "compression" : {
2025-05-28T20:27:51.8970917Z                 "title" : "Controls compression for the TRAP files written by the extractor.",
2025-05-28T20:27:51.8971770Z                 "description" : "This option is only intended for use in debugging the extractor. Accepted values are 'brotli' (the default, to write brotli-compressed TRAP), 'gzip', and 'none' (to write uncompressed TRAP).\n",
2025-05-28T20:27:51.8972726Z                 "type" : "string",
2025-05-28T20:27:51.8972999Z                 "pattern" : "^(none|gzip|brotli)$"
2025-05-28T20:27:51.8973228Z               }
2025-05-28T20:27:51.8973387Z             }
2025-05-28T20:27:51.8973544Z           },
2025-05-28T20:27:51.8973995Z           "buildless" : {
2025-05-28T20:27:51.8974511Z             "title" : "DEPRECATED - Whether to use buildless (standalone) extraction.",
2025-05-28T20:27:51.8976713Z             "description" : "DEPRECATED: Use `--build-mode none` instead.\nA value indicating, which type of extraction the autobuilder should perform. If 'true', then the standalone extractor will be used, otherwise tracing extraction will be performed. The default is 'false'. Note that buildless extraction will generally yield less accurate analysis results, and should only be used in cases where it is not possible to build the code (for example if it uses inaccessible dependencies).\n",
2025-05-28T20:27:51.8978233Z             "type" : "string",
2025-05-28T20:27:51.8978453Z             "pattern" : "^(false|true)$"
2025-05-28T20:27:51.8978668Z           },
2025-05-28T20:27:51.8978829Z           "logging" : {
2025-05-28T20:27:51.8979035Z             "title" : "Options pertaining to logging.",
2025-05-28T20:27:51.8979341Z             "description" : "Options pertaining to logging.",
2025-05-28T20:27:51.8979603Z             "type" : "object",
2025-05-28T20:27:51.8979810Z             "properties" : {
2025-05-28T20:27:51.8980005Z               "verbosity" : {
2025-05-28T20:27:51.8980238Z                 "title" : "Extractor logging verbosity level.",
2025-05-28T20:27:51.8981098Z                 "description" : "Controls the level of verbosity of the extractor. The supported levels are (in order of increasing verbosity):\n  - off\n  - errors\n  - warnings\n  - info or progress\n  - debug or progress+\n  - trace or progress++\n  - progress+++\n",
2025-05-28T20:27:51.8981899Z                 "type" : "string",
2025-05-28T20:27:51.8982541Z                 "pattern" : "^(off|errors|warnings|(info|progress)|(debug|progress\\+)|(trace|progress\\+\\+)|progress\\+\\+\\+)$"
2025-05-28T20:27:51.8982979Z               }
2025-05-28T20:27:51.8983138Z             }
2025-05-28T20:27:51.8983306Z           },
2025-05-28T20:27:51.8983467Z           "binlog" : {
2025-05-28T20:27:51.8983651Z             "title" : "Binlog",
2025-05-28T20:27:51.8984248Z             "description" : "[EXPERIMENTAL] The value is a path to the MsBuild binary log file that should be extracted. This option only works when `--build-mode none` is also specified.\n",
2025-05-28T20:27:51.8984865Z             "type" : "array"
2025-05-28T20:27:51.8985050Z           }
2025-05-28T20:27:51.8985207Z         }
2025-05-28T20:27:51.8985348Z       }
2025-05-28T20:27:51.8985501Z     ],
2025-05-28T20:27:51.8985652Z     "javascript" : [
2025-05-28T20:27:51.8985824Z       {
2025-05-28T20:27:51.8986098Z         "extractor_root" : "/opt/hostedtoolcache/CodeQL/2.21.3/x64/codeql/javascript",
2025-05-28T20:27:51.8986444Z         "extractor_options" : {
2025-05-28T20:27:51.8986640Z           "trap" : {
2025-05-28T20:27:51.8986821Z             "title" : "TRAP options",
2025-05-28T20:27:51.8987138Z             "description" : "Options about how the extractor handles TRAP files",
2025-05-28T20:27:51.8987455Z             "type" : "object",
2025-05-28T20:27:51.8987658Z             "visibility" : 3,
2025-05-28T20:27:51.8987854Z             "properties" : {
2025-05-28T20:27:51.8988052Z               "cache" : {
2025-05-28T20:27:51.8988250Z                 "title" : "TRAP cache options",
2025-05-28T20:27:51.8988596Z                 "description" : "Options about how the extractor handles its TRAP cache",
2025-05-28T20:27:51.8988933Z                 "type" : "object",
2025-05-28T20:27:51.8989144Z                 "properties" : {
2025-05-28T20:27:51.8989348Z                   "dir" : {
2025-05-28T20:27:51.8989557Z                     "title" : "TRAP cache directory",
2025-05-28T20:27:51.8989863Z                     "description" : "The directory of the TRAP cache to use",
2025-05-28T20:27:51.8990154Z                     "type" : "string"
2025-05-28T20:27:51.8990362Z                   },
2025-05-28T20:27:51.8990534Z                   "bound" : {
2025-05-28T20:27:51.8990737Z                     "title" : "TRAP cache bound",
2025-05-28T20:27:51.8991189Z                     "description" : "A soft limit (in MB) on the size of the TRAP cache",
2025-05-28T20:27:51.8991500Z                     "type" : "string",
2025-05-28T20:27:51.8991727Z                     "pattern" : "[0-9]+"
2025-05-28T20:27:51.8991937Z                   },
2025-05-28T20:27:51.8992111Z                   "write" : {
2025-05-28T20:27:51.8992604Z                     "title" : "TRAP cache writeable",
2025-05-28T20:27:51.8992988Z                     "description" : "Whether to write to the TRAP cache as well as reading it",
2025-05-28T20:27:51.8993336Z                     "type" : "string",
2025-05-28T20:27:51.8993571Z                     "pattern" : "(true|TRUE|false|FALSE)"
2025-05-28T20:27:51.8993812Z                   }
2025-05-28T20:27:51.8993972Z                 }
2025-05-28T20:27:51.8994130Z               }
2025-05-28T20:27:51.8994287Z             }
2025-05-28T20:27:51.8994442Z           },
2025-05-28T20:27:51.8994601Z           "skip_types" : {
2025-05-28T20:27:51.8994842Z             "title" : "Skip type extraction for TypeScript",
2025-05-28T20:27:51.8995240Z             "description" : "Whether to skip the extraction of types in a TypeScript application",
2025-05-28T20:27:51.8995609Z             "type" : "string",
2025-05-28T20:27:51.8995824Z             "pattern" : "^(false|true)$"
2025-05-28T20:27:51.8996042Z           }
2025-05-28T20:27:51.8996200Z         }
2025-05-28T20:27:51.8996344Z       }
2025-05-28T20:27:51.8996491Z     ],
2025-05-28T20:27:51.8996638Z     "swift" : [
2025-05-28T20:27:51.8996797Z       {
2025-05-28T20:27:51.8997043Z         "extractor_root" : "/opt/hostedtoolcache/CodeQL/2.21.3/x64/codeql/swift"
2025-05-28T20:27:51.8997361Z       }
2025-05-28T20:27:51.8997497Z     ],
2025-05-28T20:27:51.8997649Z     "python" : [
2025-05-28T20:27:51.8997805Z       {
2025-05-28T20:27:51.8998064Z         "extractor_root" : "/opt/hostedtoolcache/CodeQL/2.21.3/x64/codeql/python",
2025-05-28T20:27:51.8998400Z         "extractor_options" : {
2025-05-28T20:27:51.8998601Z           "logging" : {
2025-05-28T20:27:51.8998816Z             "title" : "Options pertaining to logging.",
2025-05-28T20:27:51.8999106Z             "description" : "Options pertaining to logging.",
2025-05-28T20:27:51.8999374Z             "type" : "object",
2025-05-28T20:27:51.8999572Z             "properties" : {
2025-05-28T20:27:51.8999774Z               "verbosity" : {
2025-05-28T20:27:51.9000019Z                 "title" : "Python extractor logging verbosity level.",
2025-05-28T20:27:51.9000936Z                 "description" : "Controls the level of verbosity of the CodeQL Python extractor.\nThe supported levels are (in order of increasing verbosity):\n\n  - off\n  - errors\n  - warnings\n  - info or progress\n  - debug or progress+\n  - trace or progress++\n  - progress+++\n",
2025-05-28T20:27:51.9001794Z                 "type" : "string",
2025-05-28T20:27:51.9002244Z                 "pattern" : "^(off|errors|warnings|(info|progress)|(debug|progress\\+)|(trace|progress\\+\\+)|progress\\+\\+\\+)$"
2025-05-28T20:27:51.9002939Z               }
2025-05-28T20:27:51.9003096Z             }
2025-05-28T20:27:51.9003249Z           },
2025-05-28T20:27:51.9003418Z           "python_executable_name" : {
2025-05-28T20:27:51.9003774Z             "title" : "Controls the name of the Python executable used by the Python extractor.",
2025-05-28T20:27:51.9005057Z             "description" : "The Python extractor uses platform-dependent heuristics to determine the name of the Python executable to use. Specifying a value for this option overrides the name of the Python executable used by the extractor. Accepted values are py, python and python3. Use this setting with caution, the Python extractor requires Python 3 to run.\n",
2025-05-28T20:27:51.9006191Z             "type" : "string",
2025-05-28T20:27:51.9006422Z             "pattern" : "^(py|python|python3)$"
2025-05-28T20:27:51.9006656Z           }
2025-05-28T20:27:51.9006800Z         }
2025-05-28T20:27:51.9006945Z       }
2025-05-28T20:27:51.9007216Z     ],
2025-05-28T20:27:51.9007362Z     "yaml" : [
2025-05-28T20:27:51.9007513Z       {
2025-05-28T20:27:51.9007758Z         "extractor_root" : "/opt/hostedtoolcache/CodeQL/2.21.3/x64/codeql/yaml"
2025-05-28T20:27:51.9008060Z       }
2025-05-28T20:27:51.9008200Z     ]
2025-05-28T20:27:51.9008338Z   }
2025-05-28T20:27:51.9008486Z }
2025-05-28T20:27:51.9140701Z python does not support TRAP caching (missing option group)
2025-05-28T20:27:51.9141284Z Found 0 languages that support TRAP caching
2025-05-28T20:27:51.9146819Z ##[endgroup]
2025-05-28T20:27:51.9148850Z Using overlay database mode: none
2025-05-28T20:27:51.9165889Z While resolving threads, found a cgroup CPUs file with 4 CPUs in /sys/fs/cgroup/cpuset.cpus.effective.
2025-05-28T20:27:51.9181017Z Writing augmented user configuration file to /home/runner/work/_temp/user-config.yaml
2025-05-28T20:27:51.9182062Z ##[group]Augmented user configuration file contents
2025-05-28T20:27:51.9195090Z query-filters:
2025-05-28T20:27:51.9195428Z   - exclude:
2025-05-28T20:27:51.9195782Z       tags: exclude-from-incremental
2025-05-28T20:27:51.9196092Z 
2025-05-28T20:27:51.9196485Z ##[endgroup]
2025-05-28T20:27:51.9199588Z [command]/opt/hostedtoolcache/CodeQL/2.21.3/x64/codeql/codeql database init --force-overwrite --db-cluster /home/runner/work/_temp/codeql_databases --source-root=/home/runner/work/agent-web-scraper/agent-web-scraper --calculate-language-specific-baseline --extractor-include-aliases --sublanguage-file-coverage --language=python --codescanning-config=/home/runner/work/_temp/user-config.yaml
2025-05-28T20:27:53.0712529Z Package install location: /home/runner/.codeql/packages
2025-05-28T20:27:53.0714289Z Nothing downloaded.
2025-05-28T20:27:53.7095302Z Calculating baseline information in /home/runner/work/agent-web-scraper/agent-web-scraper
2025-05-28T20:27:53.7505615Z Calculated baseline information for languages: python (40ms).
2025-05-28T20:27:56.8500733Z Resolving extractor python.
2025-05-28T20:27:56.8549545Z Successfully loaded extractor Python (python) from /opt/hostedtoolcache/CodeQL/2.21.3/x64/codeql/python.
2025-05-28T20:27:56.8827476Z Created skeleton CodeQL database at /home/runner/work/_temp/codeql_databases/python. This in-progress database is ready to be populated by an extractor.
2025-05-28T20:27:57.1011878Z ##[group]Run github/codeql-action/autobuild@v3
2025-05-28T20:27:57.1012187Z with:
2025-05-28T20:27:57.1014222Z   token: ***
2025-05-28T20:27:57.1014438Z   matrix: {
  "language": "python"
}
2025-05-28T20:27:57.1014702Z env:
2025-05-28T20:27:57.1015162Z   CODEQL_ACTION_FEATURE_MULTI_LANGUAGE: false
2025-05-28T20:27:57.1015510Z   CODEQL_ACTION_FEATURE_SANDWICH: false
2025-05-28T20:27:57.1015870Z   CODEQL_ACTION_FEATURE_SARIF_COMBINE: true
2025-05-28T20:27:57.1016295Z   CODEQL_ACTION_FEATURE_WILL_UPLOAD: true
2025-05-28T20:27:57.1016657Z   CODEQL_ACTION_VERSION: 3.28.18
2025-05-28T20:27:57.1017040Z   JOB_RUN_UUID: 0d101759-f0f5-45b6-990c-0a929aacc5ea
2025-05-28T20:27:57.1017457Z   CODEQL_ACTION_INIT_HAS_RUN: true
2025-05-28T20:27:57.1017888Z   CODEQL_ACTION_ANALYSIS_KEY: .github/workflows/codeql.yml:analyze
2025-05-28T20:27:57.1018311Z   CODEQL_WORKFLOW_STARTED_AT: 2025-05-28T20:27:42.484Z
2025-05-28T20:27:57.1018749Z   CODEQL_RAM: 14581
2025-05-28T20:27:57.1019150Z   CODEQL_THREADS: 4
2025-05-28T20:27:57.1019463Z ##[endgroup]
2025-05-28T20:27:58.3709172Z ##[group]Run github/codeql-action/analyze@v3
2025-05-28T20:27:58.3709457Z with:
2025-05-28T20:27:58.3709642Z   category: /language:python
2025-05-28T20:27:58.3709858Z   output: ../results
2025-05-28T20:27:58.3710038Z   upload: always
2025-05-28T20:27:58.3710216Z   cleanup-level: brutal
2025-05-28T20:27:58.3710412Z   add-snippets: false
2025-05-28T20:27:58.3710606Z   skip-queries: false
2025-05-28T20:27:58.3710897Z   checkout_path: /home/runner/work/agent-web-scraper/agent-web-scraper
2025-05-28T20:27:58.3711238Z   upload-database: true
2025-05-28T20:27:58.3711440Z   wait-for-processing: true
2025-05-28T20:27:58.3711756Z   token: ***
2025-05-28T20:27:58.3711943Z   matrix: {
  "language": "python"
}
2025-05-28T20:27:58.3712627Z   expect-error: false
2025-05-28T20:27:58.3712820Z env:
2025-05-28T20:27:58.3712995Z   CODEQL_ACTION_FEATURE_MULTI_LANGUAGE: false
2025-05-28T20:27:58.3713257Z   CODEQL_ACTION_FEATURE_SANDWICH: false
2025-05-28T20:27:58.3713537Z   CODEQL_ACTION_FEATURE_SARIF_COMBINE: true
2025-05-28T20:27:58.3713789Z   CODEQL_ACTION_FEATURE_WILL_UPLOAD: true
2025-05-28T20:27:58.3714035Z   CODEQL_ACTION_VERSION: 3.28.18
2025-05-28T20:27:58.3714274Z   JOB_RUN_UUID: 0d101759-f0f5-45b6-990c-0a929aacc5ea
2025-05-28T20:27:58.3714542Z   CODEQL_ACTION_INIT_HAS_RUN: true
2025-05-28T20:27:58.3714838Z   CODEQL_ACTION_ANALYSIS_KEY: .github/workflows/codeql.yml:analyze
2025-05-28T20:27:58.3715183Z   CODEQL_WORKFLOW_STARTED_AT: 2025-05-28T20:27:42.484Z
2025-05-28T20:27:58.3715451Z   CODEQL_RAM: 14581
2025-05-28T20:27:58.3715618Z   CODEQL_THREADS: 4
2025-05-28T20:27:58.3715850Z   CODEQL_ACTION_AUTOBUILD_DID_COMPLETE_SUCCESSFULLY: true
2025-05-28T20:27:58.3716121Z ##[endgroup]
2025-05-28T20:27:59.5066268Z While resolving threads, found a cgroup CPUs file with 4 CPUs in /sys/fs/cgroup/cpuset.cpus.effective.
2025-05-28T20:27:59.5102191Z ##[group]Generating diff range extension pack
2025-05-28T20:27:59.5103230Z Calculating diff ranges for main...IgorGanapolsky:reddit
2025-05-28T20:27:59.7166795Z Successfully created diff range extension pack at /home/runner/work/_temp/pr-diff-range.
2025-05-28T20:27:59.7167580Z ##[endgroup]
2025-05-28T20:27:59.7254099Z ##[group]Extracting python
2025-05-28T20:27:59.7257286Z [command]/opt/hostedtoolcache/CodeQL/2.21.3/x64/codeql/codeql database trace-command --index-traceless-dbs /home/runner/work/_temp/codeql_databases/python
2025-05-28T20:28:00.4923089Z Running command in /home/runner/work/agent-web-scraper/agent-web-scraper: [/opt/hostedtoolcache/CodeQL/2.21.3/x64/codeql/python/tools/autobuild.sh]
2025-05-28T20:28:00.5853071Z [2025-05-28 20:28:00] [build-stderr] /bin/sh: 1: python2: not found
2025-05-28T20:28:00.6184873Z [2025-05-28 20:28:00] [build-stdout] Source root appears to be the real root.
2025-05-28T20:28:00.6191710Z [2025-05-28 20:28:00] [build-stdout] Will try to guess Python version, as it was not specified in `lgtm.yml`
2025-05-28T20:28:00.6193034Z [2025-05-28 20:28:00] [build-stdout] Trying to guess Python version based on Trove classifiers in setup.py
2025-05-28T20:28:00.6194110Z [2025-05-28 20:28:00] [build-stdout] Found Trove classifier for Python 3 in setup.py -- will use that version
2025-05-28T20:28:00.6195081Z [2025-05-28 20:28:00] [build-stdout] Trying to guess Python version based on installed versions
2025-05-28T20:28:00.6196013Z [2025-05-28 20:28:00] [build-stdout] Wanted to run Python 2, but it is not available. Using Python 3 instead
2025-05-28T20:28:00.6197025Z [2025-05-28 20:28:00] [build-stdout] This script is running Python 3, but Python 2 is also available (as 'python3')
2025-05-28T20:28:00.6199096Z [2025-05-28 20:28:00] [build-stdout] Calling python3 -S /opt/hostedtoolcache/CodeQL/2.21.3/x64/codeql/python/tools/python_tracer.py --verbosity 3 -z all -c /home/runner/work/_temp/codeql_databases/python/working/trap_cache -R /home/runner/work/agent-web-scraper/agent-web-scraper
2025-05-28T20:28:01.0136434Z [2025-05-28 20:28:01] [build-stdout] INFO: The Python extractor has recently stopped extracting the standard library by default. If you encounter problems, please let us know by submitting an issue to https://github.com/github/codeql. It is possible to re-enable extraction of the standard library by setting the environment variable CODEQL_EXTRACTOR_PYTHON_EXTRACT_STDLIB.
2025-05-28T20:28:01.0158761Z [2025-05-28 20:28:01] [build-stdout] [INFO] Extraction will use the Python 3 standard library.
2025-05-28T20:28:01.0160297Z [2025-05-28 20:28:01] [build-stdout] [INFO] sys_path is: ['/opt/hostedtoolcache/CodeQL/2.21.3/x64/codeql/python/tools', '/usr/lib/python312.zip', '/usr/lib/python3.12', '/usr/lib/python3.12/lib-dynload']
2025-05-28T20:28:01.0164056Z [2025-05-28 20:28:01] [build-stdout] [INFO] Python version 3.12.3
2025-05-28T20:28:01.0164744Z [2025-05-28 20:28:01] [build-stdout] [INFO] Python extractor version 7.1.2
2025-05-28T20:28:01.0993854Z [2025-05-28 20:28:01] [build-stdout] [INFO] [2] Extracted file /home/runner/work/agent-web-scraper/agent-web-scraper/config.py in 12ms
2025-05-28T20:28:01.1133869Z [2025-05-28 20:28:01] [build-stdout] [INFO] [2] Extracted file /home/runner/work/agent-web-scraper/agent-web-scraper/app/web/__init__.py in 4ms
2025-05-28T20:28:01.1135546Z [2025-05-28 20:28:01] [build-stdout] [INFO] [3] Extracted file /home/runner/work/agent-web-scraper/agent-web-scraper/setup.py in 26ms
2025-05-28T20:28:01.1164050Z [2025-05-28 20:28:01] [build-stdout] [INFO] [3] Extracted folder /home/runner/work/agent-web-scraper/agent-web-scraper/app/web in 1ms
2025-05-28T20:28:01.1231138Z [2025-05-28 20:28:01] [build-stdout] [INFO] [3] Extracted file /home/runner/work/agent-web-scraper/agent-web-scraper/app/core/scraper.py in 10ms
2025-05-28T20:28:01.1263453Z [2025-05-28 20:28:01] [build-stdout] [INFO] [3] Extracted file /home/runner/work/agent-web-scraper/agent-web-scraper/app/ui/__init__.py in 2ms
2025-05-28T20:28:01.1388086Z [2025-05-28 20:28:01] [build-stdout] [INFO] [1] Extracted file /home/runner/work/agent-web-scraper/agent-web-scraper/test_sentry.py in 52ms
2025-05-28T20:28:01.1406830Z [2025-05-28 20:28:01] [build-stdout] [INFO] [4] Extracted file /home/runner/work/agent-web-scraper/agent-web-scraper/run.py in 40ms
2025-05-28T20:28:01.1816193Z [2025-05-28 20:28:01] [build-stdout] [INFO] [4] Extracted file /home/runner/work/agent-web-scraper/agent-web-scraper/tests/unit/test_env_utils.py in 46ms
2025-05-28T20:28:01.2053003Z [2025-05-28 20:28:01] [build-stdout] [INFO] [1] Extracted file /home/runner/work/agent-web-scraper/agent-web-scraper/tests/unit/test_scraper_new.py in 65ms
2025-05-28T20:28:01.2057225Z [2025-05-28 20:28:01] [build-stdout] [INFO] [1] Extracted file /home/runner/work/agent-web-scraper/agent-web-scraper/app/core/__init__.py in 2ms
2025-05-28T20:28:01.2084164Z [2025-05-28 20:28:01] [build-stdout] [INFO] [1] Extracted folder /home/runner/work/agent-web-scraper/agent-web-scraper/app/core/utils in 1ms
2025-05-28T20:28:01.2124126Z [2025-05-28 20:28:01] [build-stdout] [INFO] [1] Extracted file /home/runner/work/agent-web-scraper/agent-web-scraper/app/config/__init__.py in 2ms
2025-05-28T20:28:01.2323769Z [2025-05-28 20:28:01] [build-stdout] [WARN] [2] Failed to find .undetected_scraper, Package at /home/runner/work/agent-web-scraper/agent-web-scraper/app/web has no module undetected_scraper
2025-05-28T20:28:01.2360244Z [2025-05-28 20:28:01] [build-stdout] [INFO] [1] Extracted file /home/runner/work/agent-web-scraper/agent-web-scraper/app/utils/port_utils.py in 26ms
2025-05-28T20:28:01.2388457Z [2025-05-28 20:28:01] [build-stdout] [INFO] [1] Extracted file /home/runner/work/agent-web-scraper/agent-web-scraper/app/utils/__init__.py in 2ms
2025-05-28T20:28:01.2468261Z [2025-05-28 20:28:01] [build-stdout] [INFO] [1] Extracted file /home/runner/work/agent-web-scraper/agent-web-scraper/tests/unit/__init__.py in 2ms
2025-05-28T20:28:01.2774669Z [2025-05-28 20:28:01] [build-stdout] [INFO] [1] Extracted file /home/runner/work/agent-web-scraper/agent-web-scraper/scripts/setup_logging.py in 36ms
2025-05-28T20:28:01.2798043Z [2025-05-28 20:28:01] [build-stdout] [INFO] [1] Extracted folder /home/runner/work/agent-web-scraper/agent-web-scraper/app in 0ms
2025-05-28T20:28:01.3065929Z [2025-05-28 20:28:01] [build-stdout] [INFO] [3] Extracted file /home/runner/work/agent-web-scraper/agent-web-scraper/tests/unit/test_base_scraper.py in 181ms
2025-05-28T20:28:01.3427082Z [2025-05-28 20:28:01] [build-stdout] [INFO] [3] Extracted file /home/runner/work/agent-web-scraper/agent-web-scraper/scripts/cleanup_logs.py in 35ms
2025-05-28T20:28:01.3563210Z [2025-05-28 20:28:01] [build-stdout] [INFO] [1] Extracted file /home/runner/work/agent-web-scraper/agent-web-scraper/app/config/logging.py in 75ms
2025-05-28T20:28:01.3564581Z [2025-05-28 20:28:01] [build-stdout] [INFO] [1] Skipped built-in file /usr/lib/python3.12/unittest/mock.py
2025-05-28T20:28:01.3858348Z [2025-05-28 20:28:01] [build-stdout] [INFO] [4] Extracted file /home/runner/work/agent-web-scraper/agent-web-scraper/reddit_scraper.py in 204ms
2025-05-28T20:28:01.5053604Z [2025-05-28 20:28:01] [build-stdout] [INFO] [1] Extracted file /home/runner/work/agent-web-scraper/agent-web-scraper/app/core/undetected_scraper.py in 151ms
2025-05-28T20:28:01.5055045Z [2025-05-28 20:28:01] [build-stdout] [INFO] [1] Skipped built-in file /usr/lib/python3.12/logging/__init__.py
2025-05-28T20:28:01.5086039Z [2025-05-28 20:28:01] [build-stdout] [INFO] [1] Extracted file /home/runner/work/agent-web-scraper/agent-web-scraper/tests/__init__.py in 2ms
2025-05-28T20:28:01.5087419Z [2025-05-28 20:28:01] [build-stdout] [INFO] [1] Skipped built-in file /usr/lib/python3.12/abc.py
2025-05-28T20:28:01.5093635Z [2025-05-28 20:28:01] [build-stdout] [INFO] [1] Skipped built-in file /usr/lib/python3.12/pathlib.py
2025-05-28T20:28:01.5236711Z [2025-05-28 20:28:01] [build-stdout] [INFO] [4] Extracted file /home/runner/work/agent-web-scraper/agent-web-scraper/tests/unit/test_web_app.py in 129ms
2025-05-28T20:28:01.5238911Z [2025-05-28 20:28:01] [build-stdout] [INFO] [4] Extracted file /home/runner/work/agent-web-scraper/agent-web-scraper/app/core/indeed_scraper.py in 2ms
2025-05-28T20:28:01.5357095Z [2025-05-28 20:28:01] [build-stdout] [INFO] [1] Extracted file /home/runner/work/agent-web-scraper/agent-web-scraper/app/config/minimal_logging.py in 26ms
2025-05-28T20:28:01.5358630Z [2025-05-28 20:28:01] [build-stdout] [INFO] [1] Extracted file /home/runner/work/agent-web-scraper/agent-web-scraper/app/__init__.py in 2ms
2025-05-28T20:28:01.5599900Z [2025-05-28 20:28:01] [build-stdout] [INFO] [4] Extracted file /home/runner/work/agent-web-scraper/agent-web-scraper/app/config/simple_logger.py in 41ms
2025-05-28T20:28:01.5623186Z [2025-05-28 20:28:01] [build-stdout] [INFO] [4] Skipped built-in file /usr/lib/python3.12/os.py
2025-05-28T20:28:01.6434309Z [2025-05-28 20:28:01] [build-stdout] [INFO] [4] Extracted file /home/runner/work/agent-web-scraper/agent-web-scraper/app/observability/__init__.py in 80ms
2025-05-28T20:28:01.6466765Z [2025-05-28 20:28:01] [build-stdout] [INFO] [4] Extracted module time in 7ms
2025-05-28T20:28:01.6468145Z [2025-05-28 20:28:01] [build-stdout] [INFO] [4] Extracted folder /usr/lib/python3.12/json in 1ms
2025-05-28T20:28:01.6504370Z [2025-05-28 20:28:01] [build-stdout] [INFO] [4] Extracted file /home/runner/work/agent-web-scraper/agent-web-scraper/app/core/google_api.py in 2ms
2025-05-28T20:28:01.6522924Z [2025-05-28 20:28:01] [build-stdout] [INFO] [4] Skipped built-in file /usr/lib/python3.12/argparse.py
2025-05-28T20:28:01.7156266Z [2025-05-28 20:28:01] [build-stdout] [INFO] [4] Extracted file /home/runner/work/agent-web-scraper/agent-web-scraper/tests/unit/test_reddit_scraper.py in 62ms
2025-05-28T20:28:01.7157823Z [2025-05-28 20:28:01] [build-stdout] [INFO] [4] Extracted folder /usr/lib/python3.12/logging in 0ms
2025-05-28T20:28:01.7242038Z [2025-05-28 20:28:01] [build-stdout] [INFO] [4] Extracted file /home/runner/work/agent-web-scraper/agent-web-scraper/app/utils/env_utils.py in 11ms
2025-05-28T20:28:01.7247816Z [2025-05-28 20:28:01] [build-stdout] [INFO] [4] Extracted folder /usr/lib/python3.12/asyncio in 0ms
2025-05-28T20:28:01.7474688Z [2025-05-28 20:28:01] [build-stdout] [INFO] [4] Extracted file /home/runner/work/agent-web-scraper/agent-web-scraper/app/core/utils/audit.py in 22ms
2025-05-28T20:28:01.7490626Z [2025-05-28 20:28:01] [build-stdout] [INFO] [4] Extracted folder /home/runner/work/agent-web-scraper/agent-web-scraper/app/config in 1ms
2025-05-28T20:28:01.7493777Z [2025-05-28 20:28:01] [build-stdout] [INFO] [4] Extracted folder /home/runner/work/agent-web-scraper/agent-web-scraper/tests/integration in 0ms
2025-05-28T20:28:01.7546377Z [2025-05-28 20:28:01] [build-stdout] [INFO] [4] Skipped built-in file /usr/lib/python3.12/typing.py
2025-05-28T20:28:01.7549551Z [2025-05-28 20:28:01] [build-stdout] [INFO] [4] Extracted folder /home/runner/work/agent-web-scraper/agent-web-scraper/scripts in 0ms
2025-05-28T20:28:01.7773684Z [2025-05-28 20:28:01] [build-stdout] [INFO] [1] Extracted file /home/runner/work/agent-web-scraper/agent-web-scraper/tests/unit/test_scraper.py in 240ms
2025-05-28T20:28:01.7820137Z [2025-05-28 20:28:01] [build-stdout] [INFO] [1] Skipped built-in file /usr/lib/python3.12/logging/handlers.py
2025-05-28T20:28:01.7825489Z [2025-05-28 20:28:01] [build-stdout] [INFO] [1] Extracted folder /home/runner/work/agent-web-scraper/agent-web-scraper/tests/unit in 0ms
2025-05-28T20:28:01.7873344Z [2025-05-28 20:28:01] [build-stdout] [INFO] [2] Extracted file /home/runner/work/agent-web-scraper/agent-web-scraper/app/web/app.py in 686ms
2025-05-28T20:28:01.7889752Z [2025-05-28 20:28:01] [build-stdout] [INFO] [2] Extracted folder /home/runner/work/agent-web-scraper/agent-web-scraper/app/ui in 1ms
2025-05-28T20:28:01.7899692Z [2025-05-28 20:28:01] [build-stdout] [INFO] [2] Skipped built-in file /usr/lib/python3.12/socket.py
2025-05-28T20:28:01.7902201Z [2025-05-28 20:28:01] [build-stdout] [INFO] [2] Extracted folder /home/runner/work/agent-web-scraper/agent-web-scraper/app/cli in 1ms
2025-05-28T20:28:01.7987020Z [2025-05-28 20:28:01] [build-stdout] [INFO] [4] Extracted file /home/runner/work/agent-web-scraper/agent-web-scraper/app/cli/costs.py in 48ms
2025-05-28T20:28:01.7997657Z [2025-05-28 20:28:01] [build-stdout] [INFO] [4] Extracted folder /home/runner/work/agent-web-scraper/agent-web-scraper/app/core in 0ms
2025-05-28T20:28:01.8002504Z [2025-05-28 20:28:01] [build-stdout] [INFO] [4] Skipped built-in file /usr/lib/python3.12/unittest/__init__.py
2025-05-28T20:28:01.8004685Z [2025-05-28 20:28:01] [build-stdout] [INFO] [4] Skipped built-in file /usr/lib/python3.12/contextlib.py
2025-05-28T20:28:01.8006945Z [2025-05-28 20:28:01] [build-stdout] [INFO] [4] Skipped built-in file /usr/lib/python3.12/json/__init__.py
2025-05-28T20:28:01.8015772Z [2025-05-28 20:28:01] [build-stdout] [INFO] [4] Extracted folder /home/runner/work/agent-web-scraper/agent-web-scraper/app/utils in 1ms
2025-05-28T20:28:01.8100603Z [2025-05-28 20:28:01] [build-stdout] [INFO] [3] Extracted file /home/runner/work/agent-web-scraper/agent-web-scraper/app/ui/enhanced_google_scraper.py in 468ms
2025-05-28T20:28:01.8453825Z [2025-05-28 20:28:01] [build-stdout] [INFO] [1] Extracted file /home/runner/work/agent-web-scraper/agent-web-scraper/tests/conftest.py in 62ms
2025-05-28T20:28:01.8505451Z [2025-05-28 20:28:01] [build-stdout] [INFO] [1] Extracted file /home/runner/work/agent-web-scraper/agent-web-scraper/tests/unit/test_undetected_scraper.py in 2ms
2025-05-28T20:28:01.8507032Z [2025-05-28 20:28:01] [build-stdout] [INFO] [1] Extracted folder /home/runner/work/agent-web-scraper/agent-web-scraper/tests in 0ms
2025-05-28T20:28:01.8508189Z [2025-05-28 20:28:01] [build-stdout] [INFO] [1] Extracted folder /usr/lib/python3.12/unittest in 0ms
2025-05-28T20:28:01.8751143Z [2025-05-28 20:28:01] [build-stdout] [INFO] [2] Extracted file /home/runner/work/agent-web-scraper/agent-web-scraper/app/cli/__init__.py in 84ms
2025-05-28T20:28:01.8784061Z [2025-05-28 20:28:01] [build-stdout] [INFO] [4] Extracted file /home/runner/work/agent-web-scraper/agent-web-scraper/app/config/safe_logger.py in 74ms
2025-05-28T20:28:01.8785671Z [2025-05-28 20:28:01] [build-stdout] [INFO] [2] Extracted file /home/runner/work/agent-web-scraper/agent-web-scraper/app/config/settings.py in 2ms
2025-05-28T20:28:01.8788431Z [2025-05-28 20:28:01] [build-stdout] [INFO] [2] Skipped built-in file /usr/lib/python3.12/io.py
2025-05-28T20:28:01.8790750Z [2025-05-28 20:28:01] [build-stdout] [INFO] [2] Extracted folder /home/runner/work/agent-web-scraper/agent-web-scraper/app/observability in 0ms
2025-05-28T20:28:01.8794362Z [2025-05-28 20:28:01] [build-stdout] [INFO] [4] Extracted file /home/runner/work/agent-web-scraper/agent-web-scraper/tests/integration/__init__.py in 2ms
2025-05-28T20:28:01.8804959Z [2025-05-28 20:28:01] [build-stdout] [INFO] [2] Extracted folder /usr/lib/python3.12/urllib in 0ms
2025-05-28T20:28:01.8835503Z [2025-05-28 20:28:01] [build-stdout] [INFO] [2] Skipped built-in file /usr/lib/python3.12/asyncio/__init__.py
2025-05-28T20:28:01.8837086Z [2025-05-28 20:28:01] [build-stdout] [INFO] [4] Skipped built-in file /usr/lib/python3.12/platform.py
2025-05-28T20:28:01.8870260Z [2025-05-28 20:28:01] [build-stdout] [INFO] [4] Extracted file /home/runner/work/agent-web-scraper/agent-web-scraper/tests/unit/test_example.py in 6ms
2025-05-28T20:28:01.8877355Z [2025-05-28 20:28:01] [build-stdout] [INFO] [4] Skipped built-in file /usr/lib/python3.12/datetime.py
2025-05-28T20:28:01.8882197Z [2025-05-28 20:28:01] [build-stdout] [INFO] [4] Skipped built-in file /usr/lib/python3.12/urllib/__init__.py
2025-05-28T20:28:01.8890280Z [2025-05-28 20:28:01] [build-stdout] [INFO] [4] Extracted module sys in 0ms
2025-05-28T20:28:01.8950766Z [2025-05-28 20:28:01] [build-stdout] [INFO] [4] Extracted file /home/runner/work/agent-web-scraper/agent-web-scraper/app/core/utils/__init__.py in 5ms
2025-05-28T20:28:01.8956129Z [2025-05-28 20:28:01] [build-stdout] [INFO] [4] Skipped built-in file /usr/lib/python3.12/traceback.py
2025-05-28T20:28:01.8960924Z [2025-05-28 20:28:01] [build-stdout] [INFO] [4] Skipped built-in file /usr/lib/python3.12/urllib/parse.py
2025-05-28T20:28:01.8984541Z [2025-05-28 20:28:01] [build-stdout] [INFO] [4] Skipped built-in file /usr/lib/python3.12/functools.py
2025-05-28T20:28:01.9163088Z [2025-05-28 20:28:01] [build-stdout] [INFO] [2] Extracted file /home/runner/work/agent-web-scraper/agent-web-scraper/app/core/utils/performance.py in 35ms
2025-05-28T20:28:01.9202049Z [2025-05-28 20:28:01] [build-stdout] [INFO] [3] Extracted file /home/runner/work/agent-web-scraper/agent-web-scraper/app/core/cost_tracker.py in 110ms
2025-05-28T20:28:01.9368523Z [2025-05-28 20:28:01] [build-stdout] [INFO] [1] Extracted file /home/runner/work/agent-web-scraper/agent-web-scraper/app/ui/undetected_scraper.py in 92ms
2025-05-28T20:28:01.9742263Z [2025-05-28 20:28:01] [build-stdout] [INFO] Processed 86 modules in 0.95s
2025-05-28T20:28:02.0166305Z ##[endgroup]
2025-05-28T20:28:02.0173637Z ##[group]Finalizing python
2025-05-28T20:28:02.0175818Z [command]/opt/hostedtoolcache/CodeQL/2.21.3/x64/codeql/codeql database finalize --finalize-dataset --threads=4 --ram=14581 /home/runner/work/_temp/codeql_databases/python
2025-05-28T20:28:02.7874058Z Running pre-finalize script /opt/hostedtoolcache/CodeQL/2.21.3/x64/codeql/python/tools/pre-finalize.sh in /home/runner/work/agent-web-scraper/agent-web-scraper.
2025-05-28T20:28:02.8632758Z Running command in /home/runner/work/agent-web-scraper/agent-web-scraper: [/opt/hostedtoolcache/CodeQL/2.21.3/x64/codeql/python/tools/pre-finalize.sh]
2025-05-28T20:28:03.6161261Z [2025-05-28 20:28:03] [build-stderr] Scanning for files in /home/runner/work/agent-web-scraper/agent-web-scraper...
2025-05-28T20:28:03.7329223Z [2025-05-28 20:28:03] [build-stderr] /home/runner/work/_temp/codeql_databases/python: Indexing files in in /home/runner/work/agent-web-scraper/agent-web-scraper...
2025-05-28T20:28:03.7657926Z [2025-05-28 20:28:03] [build-stderr] Running command in /home/runner/work/agent-web-scraper/agent-web-scraper: [/opt/hostedtoolcache/CodeQL/2.21.3/x64/codeql/yaml/tools/index-files.sh, /home/runner/work/_temp/codeql_databases/python/working/files-to-index7070133230287723102.list]
2025-05-28T20:28:04.1443758Z Running TRAP import for CodeQL database at /home/runner/work/_temp/codeql_databases/python...
2025-05-28T20:28:04.8994947Z Importing TRAP files
2025-05-28T20:28:05.4809928Z Merging relations
2025-05-28T20:28:05.8828354Z Finished writing database (relations: 447.67 KiB; string pool: 2.22 MiB).
2025-05-28T20:28:05.9177411Z TRAP import complete (1.8s).
2025-05-28T20:28:06.1610180Z Finished zipping source archive (66.33 KiB).
2025-05-28T20:28:06.1940208Z ##[endgroup]
2025-05-28T20:28:06.1944377Z ##[group]Running queries for python
2025-05-28T20:28:06.1946981Z [command]/opt/hostedtoolcache/CodeQL/2.21.3/x64/codeql/codeql database run-queries --ram=14581 --threads=4 --expect-discarded-cache --additional-packs=/home/runner/work/_temp/pr-diff-range --extension-packs=codeql-action/pr-diff-range /home/runner/work/_temp/codeql_databases/python --intra-layer-parallelism --min-disk-free=1024 -v
2025-05-28T20:28:06.9366657Z Writing logs to /home/runner/work/_temp/codeql_databases/python/log/database-run-queries-20250528.202806.933.log.
2025-05-28T20:28:06.9887232Z Stringpool size measured as 2326938
2025-05-28T20:28:07.6046146Z Writing logs to /home/runner/work/_temp/codeql_databases/python/log/execute-queries-20250528.202807.600.log.
2025-05-28T20:28:07.9299490Z Recording pack reference codeql/python-queries at /opt/hostedtoolcache/CodeQL/2.21.3/x64/codeql/qlpacks/codeql/python-queries/1.5.0.
2025-05-28T20:28:10.0309428Z Compiling in 3 threads due to RAM limits.
2025-05-28T20:28:11.0856919Z [1/43] Loaded /opt/hostedtoolcache/CodeQL/2.21.3/x64/codeql/qlpacks/codeql/python-queries/1.5.0/Security/CWE-326/WeakCryptoKey.qlx.
2025-05-28T20:28:11.4036765Z [2/43] Loaded /opt/hostedtoolcache/CodeQL/2.21.3/x64/codeql/qlpacks/codeql/python-queries/1.5.0/Security/CWE-918/FullServerSideRequestForgery.qlx.
2025-05-28T20:28:11.4214185Z [3/43] Loaded /opt/hostedtoolcache/CodeQL/2.21.3/x64/codeql/qlpacks/codeql/python-queries/1.5.0/Security/CWE-113/HeaderInjection.qlx.
2025-05-28T20:28:11.4601650Z [4/43] Loaded /opt/hostedtoolcache/CodeQL/2.21.3/x64/codeql/qlpacks/codeql/python-queries/1.5.0/Security/CWE-090/LdapInjection.qlx.
2025-05-28T20:28:11.6001044Z [5/43] Loaded /opt/hostedtoolcache/CodeQL/2.21.3/x64/codeql/qlpacks/codeql/python-queries/1.5.0/Security/CWE-079/ReflectedXss.qlx.
2025-05-28T20:28:11.6722007Z [6/43] Loaded /opt/hostedtoolcache/CodeQL/2.21.3/x64/codeql/qlpacks/codeql/python-queries/1.5.0/Security/CWE-078/CommandInjection.qlx.
2025-05-28T20:28:11.6804324Z [7/43] Loaded /opt/hostedtoolcache/CodeQL/2.21.3/x64/codeql/qlpacks/codeql/python-queries/1.5.0/Security/CWE-502/UnsafeDeserialization.qlx.
2025-05-28T20:28:11.7879415Z [8/43] Loaded /opt/hostedtoolcache/CodeQL/2.21.3/x64/codeql/qlpacks/codeql/python-queries/1.5.0/Security/CWE-022/PathInjection.qlx.
2025-05-28T20:28:11.8931303Z [9/43] Loaded /opt/hostedtoolcache/CodeQL/2.21.3/x64/codeql/qlpacks/codeql/python-queries/1.5.0/Security/CWE-730/ReDoS.qlx.
2025-05-28T20:28:11.9463967Z [10/43] Loaded /opt/hostedtoolcache/CodeQL/2.21.3/x64/codeql/qlpacks/codeql/python-queries/1.5.0/Security/CWE-730/RegexInjection.qlx.
2025-05-28T20:28:12.0079250Z [11/43] Loaded /opt/hostedtoolcache/CodeQL/2.21.3/x64/codeql/qlpacks/codeql/python-queries/1.5.0/Security/CWE-730/PolynomialReDoS.qlx.
2025-05-28T20:28:12.1033982Z [12/43] Loaded /opt/hostedtoolcache/CodeQL/2.21.3/x64/codeql/qlpacks/codeql/python-queries/1.5.0/Security/CWE-312/CleartextLogging.qlx.
2025-05-28T20:28:12.1166964Z [13/43] Loaded /opt/hostedtoolcache/CodeQL/2.21.3/x64/codeql/qlpacks/codeql/python-queries/1.5.0/Security/CWE-312/CleartextStorage.qlx.
2025-05-28T20:28:12.1547187Z [14/43] Loaded /opt/hostedtoolcache/CodeQL/2.21.3/x64/codeql/qlpacks/codeql/python-queries/1.5.0/Security/CWE-089/SqlInjection.qlx.
2025-05-28T20:28:12.1975964Z [15/43] Loaded /opt/hostedtoolcache/CodeQL/2.21.3/x64/codeql/qlpacks/codeql/python-queries/1.5.0/Security/CWE-352/CSRFProtectionDisabled.qlx.
2025-05-28T20:28:12.3393473Z [16/43] Loaded /opt/hostedtoolcache/CodeQL/2.21.3/x64/codeql/qlpacks/codeql/python-queries/1.5.0/Security/CWE-074/TemplateInjection.qlx.
2025-05-28T20:28:12.3608956Z [17/43] Loaded /opt/hostedtoolcache/CodeQL/2.21.3/x64/codeql/qlpacks/codeql/python-queries/1.5.0/Security/CWE-643/XpathInjection.qlx.
2025-05-28T20:28:12.3824186Z [18/43] Loaded /opt/hostedtoolcache/CodeQL/2.21.3/x64/codeql/qlpacks/codeql/python-queries/1.5.0/Security/CWE-614/InsecureCookie.qlx.
2025-05-28T20:28:12.4327246Z [19/43] Loaded /opt/hostedtoolcache/CodeQL/2.21.3/x64/codeql/qlpacks/codeql/python-queries/1.5.0/Security/CVE-2018-1281/BindToAllInterfaces.qlx.
2025-05-28T20:28:12.4997812Z [20/43] Loaded /opt/hostedtoolcache/CodeQL/2.21.3/x64/codeql/qlpacks/codeql/python-queries/1.5.0/Security/CWE-094/CodeInjection.qlx.
2025-05-28T20:28:12.5471685Z [21/43] Loaded /opt/hostedtoolcache/CodeQL/2.21.3/x64/codeql/qlpacks/codeql/python-queries/1.5.0/Security/CWE-601/UrlRedirect.qlx.
2025-05-28T20:28:12.5555092Z [22/43] Loaded /opt/hostedtoolcache/CodeQL/2.21.3/x64/codeql/qlpacks/codeql/python-queries/1.5.0/Security/CWE-020/IncompleteHostnameRegExp.qlx.
2025-05-28T20:28:12.6256573Z [23/43] Loaded /opt/hostedtoolcache/CodeQL/2.21.3/x64/codeql/qlpacks/codeql/python-queries/1.5.0/Security/CWE-943/NoSqlInjection.qlx.
2025-05-28T20:28:12.6436622Z [24/43] Loaded /opt/hostedtoolcache/CodeQL/2.21.3/x64/codeql/qlpacks/codeql/python-queries/1.5.0/Security/CWE-020/IncompleteUrlSubstringSanitization.qlx.
2025-05-28T20:28:12.6442595Z [25/43] Loaded /opt/hostedtoolcache/CodeQL/2.21.3/x64/codeql/qlpacks/codeql/python-queries/1.5.0/Security/CWE-020/OverlyLargeRange.qlx.
2025-05-28T20:28:12.6895726Z [26/43] Loaded /opt/hostedtoolcache/CodeQL/2.21.3/x64/codeql/qlpacks/codeql/python-queries/1.5.0/Security/CWE-020/CookieInjection.qlx.
2025-05-28T20:28:12.7203482Z [27/43] Loaded /opt/hostedtoolcache/CodeQL/2.21.3/x64/codeql/qlpacks/codeql/python-queries/1.5.0/Security/CWE-116/BadTagFilter.qlx.
2025-05-28T20:28:12.7936867Z [28/43] Loaded /opt/hostedtoolcache/CodeQL/2.21.3/x64/codeql/qlpacks/codeql/python-queries/1.5.0/Security/CWE-776/XmlBomb.qlx.
2025-05-28T20:28:12.9128411Z [29/43] Loaded /opt/hostedtoolcache/CodeQL/2.21.3/x64/codeql/qlpacks/codeql/python-queries/1.5.0/Security/CWE-285/PamAuthorization.qlx.
2025-05-28T20:28:12.9129890Z [30/43] Loaded /opt/hostedtoolcache/CodeQL/2.21.3/x64/codeql/qlpacks/codeql/python-queries/1.5.0/Security/CWE-209/StackTraceExposure.qlx.
2025-05-28T20:28:12.9954792Z [31/43] Loaded /opt/hostedtoolcache/CodeQL/2.21.3/x64/codeql/qlpacks/codeql/python-queries/1.5.0/Security/CWE-327/BrokenCryptoAlgorithm.qlx.
2025-05-28T20:28:13.0072286Z [32/43] Loaded /opt/hostedtoolcache/CodeQL/2.21.3/x64/codeql/qlpacks/codeql/python-queries/1.5.0/Security/CWE-327/InsecureProtocol.qlx.
2025-05-28T20:28:13.0398033Z [33/43] Loaded /opt/hostedtoolcache/CodeQL/2.21.3/x64/codeql/qlpacks/codeql/python-queries/1.5.0/Security/CWE-327/InsecureDefaultProtocol.qlx.
2025-05-28T20:28:13.0742925Z [34/43] Loaded /opt/hostedtoolcache/CodeQL/2.21.3/x64/codeql/qlpacks/codeql/python-queries/1.5.0/Security/CWE-215/FlaskDebug.qlx.
2025-05-28T20:28:13.0994185Z [35/43] Loaded /opt/hostedtoolcache/CodeQL/2.21.3/x64/codeql/qlpacks/codeql/python-queries/1.5.0/Security/CWE-327/WeakSensitiveDataHashing.qlx.
2025-05-28T20:28:13.1129683Z [36/43] Loaded /opt/hostedtoolcache/CodeQL/2.21.3/x64/codeql/qlpacks/codeql/python-queries/1.5.0/Security/CWE-295/MissingHostKeyValidation.qlx.
2025-05-28T20:28:13.1505957Z [37/43] Loaded /opt/hostedtoolcache/CodeQL/2.21.3/x64/codeql/qlpacks/codeql/python-queries/1.5.0/Expressions/UseofInput.qlx.
2025-05-28T20:28:13.1636626Z [38/43] Loaded /opt/hostedtoolcache/CodeQL/2.21.3/x64/codeql/qlpacks/codeql/python-queries/1.5.0/Diagnostics/ExtractionWarnings.qlx.
2025-05-28T20:28:13.1696774Z [39/43] Loaded /opt/hostedtoolcache/CodeQL/2.21.3/x64/codeql/qlpacks/codeql/python-queries/1.5.0/Diagnostics/ExtractedFiles.qlx.
2025-05-28T20:28:13.1785414Z [40/43] Loaded /opt/hostedtoolcache/CodeQL/2.21.3/x64/codeql/qlpacks/codeql/python-queries/1.5.0/Security/CWE-377/InsecureTemporaryFile.qlx.
2025-05-28T20:28:13.1883563Z [41/43] Loaded /opt/hostedtoolcache/CodeQL/2.21.3/x64/codeql/qlpacks/codeql/python-queries/1.5.0/Summary/LinesOfCode.qlx.
2025-05-28T20:28:13.2003742Z [42/43] Loaded /opt/hostedtoolcache/CodeQL/2.21.3/x64/codeql/qlpacks/codeql/python-queries/1.5.0/Summary/LinesOfUserCode.qlx.
2025-05-28T20:28:13.2135122Z [43/43] Loaded /opt/hostedtoolcache/CodeQL/2.21.3/x64/codeql/qlpacks/codeql/python-queries/1.5.0/Security/CWE-611/Xxe.qlx.
2025-05-28T20:28:13.5663975Z Starting evaluation of codeql/python-queries/Diagnostics/ExtractionWarnings.ql.
2025-05-28T20:28:13.5666513Z Starting evaluation of codeql/python-queries/Diagnostics/ExtractedFiles.ql.
2025-05-28T20:28:13.5667485Z Starting evaluation of codeql/python-queries/Expressions/UseofInput.ql.
2025-05-28T20:28:13.5669543Z Starting evaluation of codeql/python-queries/Security/CVE-2018-1281/BindToAllInterfaces.ql.
2025-05-28T20:28:13.6054733Z Starting evaluation of codeql/python-queries/Security/CWE-020/CookieInjection.ql.
2025-05-28T20:28:13.6056834Z Starting evaluation of codeql/python-queries/Security/CWE-020/IncompleteHostnameRegExp.ql.
2025-05-28T20:28:13.8454217Z [1/43 eval 267ms] Evaluation done; writing results to codeql/python-queries/Diagnostics/ExtractionWarnings.bqrs.
2025-05-28T20:28:13.8600271Z [2/43 eval 293ms] Evaluation done; writing results to codeql/python-queries/Diagnostics/ExtractedFiles.bqrs.
2025-05-28T20:28:15.1778120Z Starting evaluation of codeql/python-queries/Security/CWE-020/IncompleteUrlSubstringSanitization.ql.
2025-05-28T20:28:15.1805178Z Starting evaluation of codeql/python-queries/Security/CWE-020/OverlyLargeRange.ql.
2025-05-28T20:28:15.1825608Z Starting evaluation of codeql/python-queries/Security/CWE-022/PathInjection.ql.
2025-05-28T20:28:15.2506122Z Starting evaluation of codeql/python-queries/Security/CWE-074/TemplateInjection.ql.
2025-05-28T20:28:15.3353885Z [3/43 eval 153ms] Evaluation done; writing results to codeql/python-queries/Security/CWE-020/IncompleteUrlSubstringSanitization.bqrs.
2025-05-28T20:28:15.3636364Z Starting evaluation of codeql/python-queries/Security/CWE-078/CommandInjection.ql.
2025-05-28T20:28:15.3999304Z Starting evaluation of codeql/python-queries/Security/CWE-079/ReflectedXss.ql.
2025-05-28T20:28:15.4206083Z Starting evaluation of codeql/python-queries/Security/CWE-089/SqlInjection.ql.
2025-05-28T20:28:15.4654409Z Starting evaluation of codeql/python-queries/Security/CWE-090/LdapInjection.ql.
2025-05-28T20:28:15.4755992Z Starting evaluation of codeql/python-queries/Security/CWE-094/CodeInjection.ql.
2025-05-28T20:28:15.4805105Z Starting evaluation of codeql/python-queries/Security/CWE-113/HeaderInjection.ql.
2025-05-28T20:28:15.5153131Z Starting evaluation of codeql/python-queries/Security/CWE-116/BadTagFilter.ql.
2025-05-28T20:28:15.5215059Z Starting evaluation of codeql/python-queries/Security/CWE-209/StackTraceExposure.ql.
2025-05-28T20:28:15.5220185Z Starting evaluation of codeql/python-queries/Security/CWE-215/FlaskDebug.ql.
2025-05-28T20:28:15.5245340Z Starting evaluation of codeql/python-queries/Security/CWE-285/PamAuthorization.ql.
2025-05-28T20:28:15.5522173Z Starting evaluation of codeql/python-queries/Security/CWE-295/MissingHostKeyValidation.ql.
2025-05-28T20:28:15.5532003Z Starting evaluation of codeql/python-queries/Security/CWE-312/CleartextLogging.ql.
2025-05-28T20:28:15.5739854Z Starting evaluation of codeql/python-queries/Security/CWE-312/CleartextStorage.ql.
2025-05-28T20:28:15.6435326Z Starting evaluation of codeql/python-queries/Security/CWE-326/WeakCryptoKey.ql.
2025-05-28T20:28:15.6445982Z Starting evaluation of codeql/python-queries/Security/CWE-327/BrokenCryptoAlgorithm.ql.
2025-05-28T20:28:15.6449660Z Starting evaluation of codeql/python-queries/Security/CWE-327/InsecureDefaultProtocol.ql.
2025-05-28T20:28:15.6512175Z Starting evaluation of codeql/python-queries/Security/CWE-327/InsecureProtocol.ql.
2025-05-28T20:28:15.6516905Z Starting evaluation of codeql/python-queries/Security/CWE-327/WeakSensitiveDataHashing.ql.
2025-05-28T20:28:15.6521412Z Starting evaluation of codeql/python-queries/Security/CWE-352/CSRFProtectionDisabled.ql.
2025-05-28T20:28:15.6525907Z Starting evaluation of codeql/python-queries/Security/CWE-377/InsecureTemporaryFile.ql.
2025-05-28T20:28:15.6530505Z Starting evaluation of codeql/python-queries/Security/CWE-502/UnsafeDeserialization.ql.
2025-05-28T20:28:15.6544123Z Starting evaluation of codeql/python-queries/Security/CWE-601/UrlRedirect.ql.
2025-05-28T20:28:15.6548650Z Starting evaluation of codeql/python-queries/Security/CWE-611/Xxe.ql.
2025-05-28T20:28:15.6549857Z Starting evaluation of codeql/python-queries/Security/CWE-614/InsecureCookie.ql.
2025-05-28T20:28:15.6550988Z Starting evaluation of codeql/python-queries/Security/CWE-643/XpathInjection.ql.
2025-05-28T20:28:15.6552087Z Starting evaluation of codeql/python-queries/Security/CWE-730/PolynomialReDoS.ql.
2025-05-28T20:28:15.6553402Z Starting evaluation of codeql/python-queries/Security/CWE-730/ReDoS.ql.
2025-05-28T20:28:15.6555007Z Starting evaluation of codeql/python-queries/Security/CWE-730/RegexInjection.ql.
2025-05-28T20:28:15.6556269Z Starting evaluation of codeql/python-queries/Security/CWE-776/XmlBomb.ql.
2025-05-28T20:28:15.7405614Z [4/43 eval 89ms] Evaluation done; writing results to codeql/python-queries/Security/CWE-352/CSRFProtectionDisabled.bqrs.
2025-05-28T20:28:15.9931018Z Starting evaluation of codeql/python-queries/Security/CWE-918/FullServerSideRequestForgery.ql.
2025-05-28T20:28:15.9937062Z Starting evaluation of codeql/python-queries/Security/CWE-943/NoSqlInjection.ql.
2025-05-28T20:28:15.9937935Z Starting evaluation of codeql/python-queries/Summary/LinesOfCode.ql.
2025-05-28T20:28:16.0268070Z [5/43 eval 33ms] Evaluation done; writing results to codeql/python-queries/Summary/LinesOfCode.bqrs.
2025-05-28T20:28:16.1296151Z Starting evaluation of codeql/python-queries/Summary/LinesOfUserCode.ql.
2025-05-28T20:28:16.1932747Z [6/43 eval 63ms] Evaluation done; writing results to codeql/python-queries/Summary/LinesOfUserCode.bqrs.
2025-05-28T20:28:16.3724118Z [7/43 eval 725ms] Evaluation done; writing results to codeql/python-queries/Security/CWE-327/InsecureDefaultProtocol.bqrs.
2025-05-28T20:28:16.3725803Z [8/43 eval 2.8s] Evaluation done; writing results to codeql/python-queries/Expressions/UseofInput.bqrs.
2025-05-28T20:28:16.3727394Z [9/43 eval 820ms] Evaluation done; writing results to codeql/python-queries/Security/CWE-295/MissingHostKeyValidation.bqrs.
2025-05-28T20:28:16.3957707Z [10/43 eval 751ms] Evaluation done; writing results to codeql/python-queries/Security/CWE-327/BrokenCryptoAlgorithm.bqrs.
2025-05-28T20:28:16.7402855Z [11/43 eval 1.1s] Evaluation done; writing results to codeql/python-queries/Security/CWE-326/WeakCryptoKey.bqrs.
2025-05-28T20:28:16.8066641Z [12/43 eval 1.2s] Evaluation done; writing results to codeql/python-queries/Security/CWE-327/WeakSensitiveDataHashing.bqrs.
2025-05-28T20:28:17.4222582Z [13/43 eval 1.4s] Evaluation done; writing results to codeql/python-queries/Security/CWE-943/NoSqlInjection.bqrs.
2025-05-28T20:28:17.4456588Z [14/43 eval 3.9s] Evaluation done; writing results to codeql/python-queries/Security/CVE-2018-1281/BindToAllInterfaces.bqrs.
2025-05-28T20:28:17.5540021Z [15/43 eval 1.9s] Evaluation done; writing results to codeql/python-queries/Security/CWE-643/XpathInjection.bqrs.
2025-05-28T20:28:17.5728911Z [16/43 eval 1.9s] Evaluation done; writing results to codeql/python-queries/Security/CWE-601/UrlRedirect.bqrs.
2025-05-28T20:28:17.6725670Z [17/43 eval 4.1s] Evaluation done; writing results to codeql/python-queries/Security/CWE-020/IncompleteHostnameRegExp.bqrs.
2025-05-28T20:28:17.7227090Z [18/43 eval 2.5s] Evaluation done; writing results to codeql/python-queries/Security/CWE-020/OverlyLargeRange.bqrs.
2025-05-28T20:28:17.7235972Z [19/43 eval 2.2s] Evaluation done; writing results to codeql/python-queries/Security/CWE-116/BadTagFilter.bqrs.
2025-05-28T20:28:17.7273751Z [20/43 eval 2.1s] Evaluation done; writing results to codeql/python-queries/Security/CWE-730/PolynomialReDoS.bqrs.
2025-05-28T20:28:17.7283005Z [21/43 eval 2.1s] Evaluation done; writing results to codeql/python-queries/Security/CWE-730/ReDoS.bqrs.
2025-05-28T20:28:17.7581994Z [22/43 eval 2.3s] Evaluation done; writing results to codeql/python-queries/Security/CWE-094/CodeInjection.bqrs.
2025-05-28T20:28:17.7742025Z [23/43 eval 4.2s] Evaluation done; writing results to codeql/python-queries/Security/CWE-020/CookieInjection.bqrs.
2025-05-28T20:28:17.8377103Z [24/43 eval 2.6s] Evaluation done; writing results to codeql/python-queries/Security/CWE-074/TemplateInjection.bqrs.
2025-05-28T20:28:17.8586322Z [25/43 eval 2.2s] Evaluation done; writing results to codeql/python-queries/Security/CWE-611/Xxe.bqrs.
2025-05-28T20:28:17.9034436Z [26/43 eval 2.5s] Evaluation done; writing results to codeql/python-queries/Security/CWE-078/CommandInjection.bqrs.
2025-05-28T20:28:17.9515830Z [27/43 eval 2.5s] Evaluation done; writing results to codeql/python-queries/Security/CWE-089/SqlInjection.bqrs.
2025-05-28T20:28:17.9751300Z [28/43 eval 2.6s] Evaluation done; writing results to codeql/python-queries/Security/CWE-079/ReflectedXss.bqrs.
2025-05-28T20:28:18.0303927Z [29/43 eval 2.6s] Evaluation done; writing results to codeql/python-queries/Security/CWE-113/HeaderInjection.bqrs.
2025-05-28T20:28:18.0653889Z [30/43 eval 2.5s] Evaluation done; writing results to codeql/python-queries/Security/CWE-209/StackTraceExposure.bqrs.
2025-05-28T20:28:18.1470345Z [31/43 eval 2.6s] Evaluation done; writing results to codeql/python-queries/Security/CWE-285/PamAuthorization.bqrs.
2025-05-28T20:28:18.1555318Z [32/43 eval 2.6s] Evaluation done; writing results to codeql/python-queries/Security/CWE-215/FlaskDebug.bqrs.
2025-05-28T20:28:18.4530453Z [33/43 eval 3.3s] Evaluation done; writing results to codeql/python-queries/Security/CWE-022/PathInjection.bqrs.
2025-05-28T20:28:18.4665657Z [34/43 eval 3s] Evaluation done; writing results to codeql/python-queries/Security/CWE-090/LdapInjection.bqrs.
2025-05-28T20:28:18.5196833Z [35/43 eval 2.9s] Evaluation done; writing results to codeql/python-queries/Security/CWE-312/CleartextStorage.bqrs.
2025-05-28T20:28:18.5486474Z [36/43 eval 3s] Evaluation done; writing results to codeql/python-queries/Security/CWE-312/CleartextLogging.bqrs.
2025-05-28T20:28:18.5889611Z [37/43 eval 2.9s] Evaluation done; writing results to codeql/python-queries/Security/CWE-327/InsecureProtocol.bqrs.
2025-05-28T20:28:18.5972207Z [38/43 eval 2.9s] Evaluation done; writing results to codeql/python-queries/Security/CWE-502/UnsafeDeserialization.bqrs.
2025-05-28T20:28:18.6146043Z [39/43 eval 3s] Evaluation done; writing results to codeql/python-queries/Security/CWE-377/InsecureTemporaryFile.bqrs.
2025-05-28T20:28:18.6515486Z [40/43 eval 3s] Evaluation done; writing results to codeql/python-queries/Security/CWE-776/XmlBomb.bqrs.
2025-05-28T20:28:18.6777004Z [41/43 eval 3s] Evaluation done; writing results to codeql/python-queries/Security/CWE-730/RegexInjection.bqrs.
2025-05-28T20:28:18.6933206Z [42/43 eval 3s] Evaluation done; writing results to codeql/python-queries/Security/CWE-614/InsecureCookie.bqrs.
2025-05-28T20:28:18.8207661Z [43/43 eval 2.8s] Evaluation done; writing results to codeql/python-queries/Security/CWE-918/FullServerSideRequestForgery.bqrs.
2025-05-28T20:28:18.8212158Z Shutting down query evaluator.
2025-05-28T20:28:18.9073537Z ##[group]Interpreting results for python
2025-05-28T20:28:19.6247539Z Writing logs to /home/runner/work/_temp/codeql_databases/python/log/database-interpret-results-20250528.202819.621.log.
2025-05-28T20:28:19.7793815Z Recording pack reference codeql/python-queries at /opt/hostedtoolcache/CodeQL/2.21.3/x64/codeql/qlpacks/codeql/python-queries/1.5.0.
2025-05-28T20:28:19.8266948Z Resolving extensions
2025-05-28T20:28:21.2804537Z Interpreting /opt/hostedtoolcache/CodeQL/2.21.3/x64/codeql/qlpacks/codeql/python-queries/1.5.0/Security/CWE-918/FullServerSideRequestForgery.ql...
2025-05-28T20:28:21.3041318Z  ... found results file at /home/runner/work/_temp/codeql_databases/python/results/codeql/python-queries/Security/CWE-918/FullServerSideRequestForgery.bqrs.
2025-05-28T20:28:21.3216745Z Interpreting /opt/hostedtoolcache/CodeQL/2.21.3/x64/codeql/qlpacks/codeql/python-queries/1.5.0/Security/CWE-326/WeakCryptoKey.ql...
2025-05-28T20:28:21.3332567Z  ... found results file at /home/runner/work/_temp/codeql_databases/python/results/codeql/python-queries/Security/CWE-326/WeakCryptoKey.bqrs.
2025-05-28T20:28:21.3346169Z Interpreting /opt/hostedtoolcache/CodeQL/2.21.3/x64/codeql/qlpacks/codeql/python-queries/1.5.0/Security/CWE-090/LdapInjection.ql...
2025-05-28T20:28:21.3463831Z  ... found results file at /home/runner/work/_temp/codeql_databases/python/results/codeql/python-queries/Security/CWE-090/LdapInjection.bqrs.
2025-05-28T20:28:21.3474532Z Interpreting /opt/hostedtoolcache/CodeQL/2.21.3/x64/codeql/qlpacks/codeql/python-queries/1.5.0/Security/CWE-113/HeaderInjection.ql...
2025-05-28T20:28:21.3586603Z  ... found results file at /home/runner/work/_temp/codeql_databases/python/results/codeql/python-queries/Security/CWE-113/HeaderInjection.bqrs.
2025-05-28T20:28:21.3596246Z Interpreting /opt/hostedtoolcache/CodeQL/2.21.3/x64/codeql/qlpacks/codeql/python-queries/1.5.0/Security/CWE-079/ReflectedXss.ql...
2025-05-28T20:28:21.3696855Z  ... found results file at /home/runner/work/_temp/codeql_databases/python/results/codeql/python-queries/Security/CWE-079/ReflectedXss.bqrs.
2025-05-28T20:28:21.3724130Z Interpreting /opt/hostedtoolcache/CodeQL/2.21.3/x64/codeql/qlpacks/codeql/python-queries/1.5.0/Security/CWE-078/CommandInjection.ql...
2025-05-28T20:28:21.3816017Z  ... found results file at /home/runner/work/_temp/codeql_databases/python/results/codeql/python-queries/Security/CWE-078/CommandInjection.bqrs.
2025-05-28T20:28:21.3823454Z Interpreting /opt/hostedtoolcache/CodeQL/2.21.3/x64/codeql/qlpacks/codeql/python-queries/1.5.0/Security/CWE-502/UnsafeDeserialization.ql...
2025-05-28T20:28:21.3914272Z  ... found results file at /home/runner/work/_temp/codeql_databases/python/results/codeql/python-queries/Security/CWE-502/UnsafeDeserialization.bqrs.
2025-05-28T20:28:21.3924651Z Interpreting /opt/hostedtoolcache/CodeQL/2.21.3/x64/codeql/qlpacks/codeql/python-queries/1.5.0/Security/CWE-022/PathInjection.ql...
2025-05-28T20:28:21.4020010Z  ... found results file at /home/runner/work/_temp/codeql_databases/python/results/codeql/python-queries/Security/CWE-022/PathInjection.bqrs.
2025-05-28T20:28:21.4030182Z Interpreting /opt/hostedtoolcache/CodeQL/2.21.3/x64/codeql/qlpacks/codeql/python-queries/1.5.0/Security/CWE-730/PolynomialReDoS.ql...
2025-05-28T20:28:21.4123417Z  ... found results file at /home/runner/work/_temp/codeql_databases/python/results/codeql/python-queries/Security/CWE-730/PolynomialReDoS.bqrs.
2025-05-28T20:28:21.4132098Z Interpreting /opt/hostedtoolcache/CodeQL/2.21.3/x64/codeql/qlpacks/codeql/python-queries/1.5.0/Security/CWE-730/RegexInjection.ql...
2025-05-28T20:28:21.4222914Z  ... found results file at /home/runner/work/_temp/codeql_databases/python/results/codeql/python-queries/Security/CWE-730/RegexInjection.bqrs.
2025-05-28T20:28:21.4232008Z Interpreting /opt/hostedtoolcache/CodeQL/2.21.3/x64/codeql/qlpacks/codeql/python-queries/1.5.0/Security/CWE-730/ReDoS.ql...
2025-05-28T20:28:21.4321143Z  ... found results file at /home/runner/work/_temp/codeql_databases/python/results/codeql/python-queries/Security/CWE-730/ReDoS.bqrs.
2025-05-28T20:28:21.4345467Z Interpreting /opt/hostedtoolcache/CodeQL/2.21.3/x64/codeql/qlpacks/codeql/python-queries/1.5.0/Security/CWE-312/CleartextStorage.ql...
2025-05-28T20:28:21.4409072Z  ... found results file at /home/runner/work/_temp/codeql_databases/python/results/codeql/python-queries/Security/CWE-312/CleartextStorage.bqrs.
2025-05-28T20:28:21.4419225Z Interpreting /opt/hostedtoolcache/CodeQL/2.21.3/x64/codeql/qlpacks/codeql/python-queries/1.5.0/Security/CWE-312/CleartextLogging.ql...
2025-05-28T20:28:21.4496576Z  ... found results file at /home/runner/work/_temp/codeql_databases/python/results/codeql/python-queries/Security/CWE-312/CleartextLogging.bqrs.
2025-05-28T20:28:21.4511921Z Interpreting /opt/hostedtoolcache/CodeQL/2.21.3/x64/codeql/qlpacks/codeql/python-queries/1.5.0/Security/CWE-089/SqlInjection.ql...
2025-05-28T20:28:21.4594142Z  ... found results file at /home/runner/work/_temp/codeql_databases/python/results/codeql/python-queries/Security/CWE-089/SqlInjection.bqrs.
2025-05-28T20:28:21.4612722Z Interpreting /opt/hostedtoolcache/CodeQL/2.21.3/x64/codeql/qlpacks/codeql/python-queries/1.5.0/Security/CWE-074/TemplateInjection.ql...
2025-05-28T20:28:21.4675853Z  ... found results file at /home/runner/work/_temp/codeql_databases/python/results/codeql/python-queries/Security/CWE-074/TemplateInjection.bqrs.
2025-05-28T20:28:21.4700489Z Interpreting /opt/hostedtoolcache/CodeQL/2.21.3/x64/codeql/qlpacks/codeql/python-queries/1.5.0/Security/CWE-352/CSRFProtectionDisabled.ql...
2025-05-28T20:28:21.4758723Z  ... found results file at /home/runner/work/_temp/codeql_databases/python/results/codeql/python-queries/Security/CWE-352/CSRFProtectionDisabled.bqrs.
2025-05-28T20:28:21.4769046Z Interpreting /opt/hostedtoolcache/CodeQL/2.21.3/x64/codeql/qlpacks/codeql/python-queries/1.5.0/Security/CWE-643/XpathInjection.ql...
2025-05-28T20:28:21.4836607Z  ... found results file at /home/runner/work/_temp/codeql_databases/python/results/codeql/python-queries/Security/CWE-643/XpathInjection.bqrs.
2025-05-28T20:28:21.4864223Z Interpreting /opt/hostedtoolcache/CodeQL/2.21.3/x64/codeql/qlpacks/codeql/python-queries/1.5.0/Security/CWE-614/InsecureCookie.ql...
2025-05-28T20:28:21.4922820Z  ... found results file at /home/runner/work/_temp/codeql_databases/python/results/codeql/python-queries/Security/CWE-614/InsecureCookie.bqrs.
2025-05-28T20:28:21.4933783Z Interpreting /opt/hostedtoolcache/CodeQL/2.21.3/x64/codeql/qlpacks/codeql/python-queries/1.5.0/Security/CWE-094/CodeInjection.ql...
2025-05-28T20:28:21.4988269Z  ... found results file at /home/runner/work/_temp/codeql_databases/python/results/codeql/python-queries/Security/CWE-094/CodeInjection.bqrs.
2025-05-28T20:28:21.4993446Z Interpreting /opt/hostedtoolcache/CodeQL/2.21.3/x64/codeql/qlpacks/codeql/python-queries/1.5.0/Security/CVE-2018-1281/BindToAllInterfaces.ql...
2025-05-28T20:28:21.5056360Z  ... found results file at /home/runner/work/_temp/codeql_databases/python/results/codeql/python-queries/Security/CVE-2018-1281/BindToAllInterfaces.bqrs.
2025-05-28T20:28:21.5058112Z Interpreting /opt/hostedtoolcache/CodeQL/2.21.3/x64/codeql/qlpacks/codeql/python-queries/1.5.0/Security/CWE-601/UrlRedirect.ql...
2025-05-28T20:28:21.5114056Z  ... found results file at /home/runner/work/_temp/codeql_databases/python/results/codeql/python-queries/Security/CWE-601/UrlRedirect.bqrs.
2025-05-28T20:28:21.5120768Z Interpreting /opt/hostedtoolcache/CodeQL/2.21.3/x64/codeql/qlpacks/codeql/python-queries/1.5.0/Security/CWE-943/NoSqlInjection.ql...
2025-05-28T20:28:21.5195996Z  ... found results file at /home/runner/work/_temp/codeql_databases/python/results/codeql/python-queries/Security/CWE-943/NoSqlInjection.bqrs.
2025-05-28T20:28:21.5197780Z Interpreting /opt/hostedtoolcache/CodeQL/2.21.3/x64/codeql/qlpacks/codeql/python-queries/1.5.0/Security/CWE-020/IncompleteHostnameRegExp.ql...
2025-05-28T20:28:21.5241611Z  ... found results file at /home/runner/work/_temp/codeql_databases/python/results/codeql/python-queries/Security/CWE-020/IncompleteHostnameRegExp.bqrs.
2025-05-28T20:28:21.5250324Z Interpreting /opt/hostedtoolcache/CodeQL/2.21.3/x64/codeql/qlpacks/codeql/python-queries/1.5.0/Security/CWE-020/CookieInjection.ql...
2025-05-28T20:28:21.5339077Z  ... found results file at /home/runner/work/_temp/codeql_databases/python/results/codeql/python-queries/Security/CWE-020/CookieInjection.bqrs.
2025-05-28T20:28:21.5347836Z Interpreting /opt/hostedtoolcache/CodeQL/2.21.3/x64/codeql/qlpacks/codeql/python-queries/1.5.0/Security/CWE-020/OverlyLargeRange.ql...
2025-05-28T20:28:21.5398511Z  ... found results file at /home/runner/work/_temp/codeql_databases/python/results/codeql/python-queries/Security/CWE-020/OverlyLargeRange.bqrs.
2025-05-28T20:28:21.5406269Z Interpreting /opt/hostedtoolcache/CodeQL/2.21.3/x64/codeql/qlpacks/codeql/python-queries/1.5.0/Security/CWE-020/IncompleteUrlSubstringSanitization.ql...
2025-05-28T20:28:21.5499441Z  ... found results file at /home/runner/work/_temp/codeql_databases/python/results/codeql/python-queries/Security/CWE-020/IncompleteUrlSubstringSanitization.bqrs.
2025-05-28T20:28:21.5503521Z Interpreting /opt/hostedtoolcache/CodeQL/2.21.3/x64/codeql/qlpacks/codeql/python-queries/1.5.0/Security/CWE-116/BadTagFilter.ql...
2025-05-28T20:28:21.5557500Z  ... found results file at /home/runner/work/_temp/codeql_databases/python/results/codeql/python-queries/Security/CWE-116/BadTagFilter.bqrs.
2025-05-28T20:28:21.5567171Z Interpreting /opt/hostedtoolcache/CodeQL/2.21.3/x64/codeql/qlpacks/codeql/python-queries/1.5.0/Security/CWE-776/XmlBomb.ql...
2025-05-28T20:28:21.5665438Z  ... found results file at /home/runner/work/_temp/codeql_databases/python/results/codeql/python-queries/Security/CWE-776/XmlBomb.bqrs.
2025-05-28T20:28:21.5667467Z Interpreting /opt/hostedtoolcache/CodeQL/2.21.3/x64/codeql/qlpacks/codeql/python-queries/1.5.0/Security/CWE-285/PamAuthorization.ql...
2025-05-28T20:28:21.5721744Z  ... found results file at /home/runner/work/_temp/codeql_databases/python/results/codeql/python-queries/Security/CWE-285/PamAuthorization.bqrs.
2025-05-28T20:28:21.5730374Z Interpreting /opt/hostedtoolcache/CodeQL/2.21.3/x64/codeql/qlpacks/codeql/python-queries/1.5.0/Security/CWE-209/StackTraceExposure.ql...
2025-05-28T20:28:21.5801405Z  ... found results file at /home/runner/work/_temp/codeql_databases/python/results/codeql/python-queries/Security/CWE-209/StackTraceExposure.bqrs.
2025-05-28T20:28:21.5809657Z Interpreting /opt/hostedtoolcache/CodeQL/2.21.3/x64/codeql/qlpacks/codeql/python-queries/1.5.0/Security/CWE-327/InsecureProtocol.ql...
2025-05-28T20:28:21.5888529Z  ... found results file at /home/runner/work/_temp/codeql_databases/python/results/codeql/python-queries/Security/CWE-327/InsecureProtocol.bqrs.
2025-05-28T20:28:21.5892503Z Interpreting /opt/hostedtoolcache/CodeQL/2.21.3/x64/codeql/qlpacks/codeql/python-queries/1.5.0/Security/CWE-327/WeakSensitiveDataHashing.ql...
2025-05-28T20:28:21.5986479Z  ... found results file at /home/runner/work/_temp/codeql_databases/python/results/codeql/python-queries/Security/CWE-327/WeakSensitiveDataHashing.bqrs.
2025-05-28T20:28:21.5990200Z Interpreting /opt/hostedtoolcache/CodeQL/2.21.3/x64/codeql/qlpacks/codeql/python-queries/1.5.0/Security/CWE-327/BrokenCryptoAlgorithm.ql...
2025-05-28T20:28:21.6038408Z  ... found results file at /home/runner/work/_temp/codeql_databases/python/results/codeql/python-queries/Security/CWE-327/BrokenCryptoAlgorithm.bqrs.
2025-05-28T20:28:21.6045921Z Interpreting /opt/hostedtoolcache/CodeQL/2.21.3/x64/codeql/qlpacks/codeql/python-queries/1.5.0/Security/CWE-327/InsecureDefaultProtocol.ql...
2025-05-28T20:28:21.6104066Z  ... found results file at /home/runner/work/_temp/codeql_databases/python/results/codeql/python-queries/Security/CWE-327/InsecureDefaultProtocol.bqrs.
2025-05-28T20:28:21.6115382Z Interpreting /opt/hostedtoolcache/CodeQL/2.21.3/x64/codeql/qlpacks/codeql/python-queries/1.5.0/Security/CWE-611/Xxe.ql...
2025-05-28T20:28:21.6175011Z  ... found results file at /home/runner/work/_temp/codeql_databases/python/results/codeql/python-queries/Security/CWE-611/Xxe.bqrs.
2025-05-28T20:28:21.6179036Z Interpreting /opt/hostedtoolcache/CodeQL/2.21.3/x64/codeql/qlpacks/codeql/python-queries/1.5.0/Security/CWE-215/FlaskDebug.ql...
2025-05-28T20:28:21.6251804Z  ... found results file at /home/runner/work/_temp/codeql_databases/python/results/codeql/python-queries/Security/CWE-215/FlaskDebug.bqrs.
2025-05-28T20:28:21.6253920Z Interpreting /opt/hostedtoolcache/CodeQL/2.21.3/x64/codeql/qlpacks/codeql/python-queries/1.5.0/Security/CWE-295/MissingHostKeyValidation.ql...
2025-05-28T20:28:21.6324596Z  ... found results file at /home/runner/work/_temp/codeql_databases/python/results/codeql/python-queries/Security/CWE-295/MissingHostKeyValidation.bqrs.
2025-05-28T20:28:21.6327797Z Interpreting /opt/hostedtoolcache/CodeQL/2.21.3/x64/codeql/qlpacks/codeql/python-queries/1.5.0/Security/CWE-377/InsecureTemporaryFile.ql...
2025-05-28T20:28:21.6389228Z  ... found results file at /home/runner/work/_temp/codeql_databases/python/results/codeql/python-queries/Security/CWE-377/InsecureTemporaryFile.bqrs.
2025-05-28T20:28:21.6394049Z Interpreting /opt/hostedtoolcache/CodeQL/2.21.3/x64/codeql/qlpacks/codeql/python-queries/1.5.0/Expressions/UseofInput.ql...
2025-05-28T20:28:21.6440456Z  ... found results file at /home/runner/work/_temp/codeql_databases/python/results/codeql/python-queries/Expressions/UseofInput.bqrs.
2025-05-28T20:28:21.6448462Z Interpreting /opt/hostedtoolcache/CodeQL/2.21.3/x64/codeql/qlpacks/codeql/python-queries/1.5.0/Diagnostics/ExtractionWarnings.ql...
2025-05-28T20:28:21.6525915Z  ... found results file at /home/runner/work/_temp/codeql_databases/python/results/codeql/python-queries/Diagnostics/ExtractionWarnings.bqrs.
2025-05-28T20:28:21.6527576Z Interpreting /opt/hostedtoolcache/CodeQL/2.21.3/x64/codeql/qlpacks/codeql/python-queries/1.5.0/Diagnostics/ExtractedFiles.ql...
2025-05-28T20:28:21.6558471Z  ... found results file at /home/runner/work/_temp/codeql_databases/python/results/codeql/python-queries/Diagnostics/ExtractedFiles.bqrs.
2025-05-28T20:28:21.6571176Z Interpreting /opt/hostedtoolcache/CodeQL/2.21.3/x64/codeql/qlpacks/codeql/python-queries/1.5.0/Summary/LinesOfCode.ql...
2025-05-28T20:28:21.6617624Z  ... found results file at /home/runner/work/_temp/codeql_databases/python/results/codeql/python-queries/Summary/LinesOfCode.bqrs.
2025-05-28T20:28:21.6625837Z Interpreting /opt/hostedtoolcache/CodeQL/2.21.3/x64/codeql/qlpacks/codeql/python-queries/1.5.0/Summary/LinesOfUserCode.ql...
2025-05-28T20:28:21.6695647Z  ... found results file at /home/runner/work/_temp/codeql_databases/python/results/codeql/python-queries/Summary/LinesOfUserCode.bqrs.
2025-05-28T20:28:21.7275053Z Interpreted pathproblem query "Full server-side request forgery" (py/full-ssrf) at path /home/runner/work/_temp/codeql_databases/python/results/codeql/python-queries/Security/CWE-918/FullServerSideRequestForgery.bqrs.
2025-05-28T20:28:21.7287238Z Interpreted problem query "Use of weak cryptographic key" (py/weak-crypto-key) at path /home/runner/work/_temp/codeql_databases/python/results/codeql/python-queries/Security/CWE-326/WeakCryptoKey.bqrs.
2025-05-28T20:28:21.7296615Z Interpreted pathproblem query "LDAP query built from user-controlled sources" (py/ldap-injection) at path /home/runner/work/_temp/codeql_databases/python/results/codeql/python-queries/Security/CWE-090/LdapInjection.bqrs.
2025-05-28T20:28:21.7310527Z Interpreted pathproblem query "HTTP Response Splitting" (py/http-response-splitting) at path /home/runner/work/_temp/codeql_databases/python/results/codeql/python-queries/Security/CWE-113/HeaderInjection.bqrs.
2025-05-28T20:28:21.7319726Z Interpreted pathproblem query "Reflected server-side cross-site scripting" (py/reflective-xss) at path /home/runner/work/_temp/codeql_databases/python/results/codeql/python-queries/Security/CWE-079/ReflectedXss.bqrs.
2025-05-28T20:28:21.7322675Z Interpreted pathproblem query "Uncontrolled command line" (py/command-line-injection) at path /home/runner/work/_temp/codeql_databases/python/results/codeql/python-queries/Security/CWE-078/CommandInjection.bqrs.
2025-05-28T20:28:21.7325530Z Interpreted pathproblem query "Deserialization of user-controlled data" (py/unsafe-deserialization) at path /home/runner/work/_temp/codeql_databases/python/results/codeql/python-queries/Security/CWE-502/UnsafeDeserialization.bqrs.
2025-05-28T20:28:21.7342219Z Interpreted pathproblem query "Uncontrolled data used in path expression" (py/path-injection) at path /home/runner/work/_temp/codeql_databases/python/results/codeql/python-queries/Security/CWE-022/PathInjection.bqrs.
2025-05-28T20:28:21.7349066Z Interpreted pathproblem query "Polynomial regular expression used on uncontrolled data" (py/polynomial-redos) at path /home/runner/work/_temp/codeql_databases/python/results/codeql/python-queries/Security/CWE-730/PolynomialReDoS.bqrs.
2025-05-28T20:28:21.7354830Z Interpreted pathproblem query "Regular expression injection" (py/regex-injection) at path /home/runner/work/_temp/codeql_databases/python/results/codeql/python-queries/Security/CWE-730/RegexInjection.bqrs.
2025-05-28T20:28:21.7364858Z Interpreted problem query "Inefficient regular expression" (py/redos) at path /home/runner/work/_temp/codeql_databases/python/results/codeql/python-queries/Security/CWE-730/ReDoS.bqrs.
2025-05-28T20:28:21.7369942Z Interpreted pathproblem query "Clear-text storage of sensitive information" (py/clear-text-storage-sensitive-data) at path /home/runner/work/_temp/codeql_databases/python/results/codeql/python-queries/Security/CWE-312/CleartextStorage.bqrs.
2025-05-28T20:28:21.7373072Z Interpreted pathproblem query "Clear-text logging of sensitive information" (py/clear-text-logging-sensitive-data) at path /home/runner/work/_temp/codeql_databases/python/results/codeql/python-queries/Security/CWE-312/CleartextLogging.bqrs.
2025-05-28T20:28:21.7379528Z Interpreted pathproblem query "SQL query built from user-controlled sources" (py/sql-injection) at path /home/runner/work/_temp/codeql_databases/python/results/codeql/python-queries/Security/CWE-089/SqlInjection.bqrs.
2025-05-28T20:28:21.7382123Z Interpreted pathproblem query "Server Side Template Injection" (py/template-injection) at path /home/runner/work/_temp/codeql_databases/python/results/codeql/python-queries/Security/CWE-074/TemplateInjection.bqrs.
2025-05-28T20:28:21.7391641Z Interpreted problem query "CSRF protection weakened or disabled" (py/csrf-protection-disabled) at path /home/runner/work/_temp/codeql_databases/python/results/codeql/python-queries/Security/CWE-352/CSRFProtectionDisabled.bqrs.
2025-05-28T20:28:21.7398114Z Interpreted pathproblem query "XPath query built from user-controlled sources" (py/xpath-injection) at path /home/runner/work/_temp/codeql_databases/python/results/codeql/python-queries/Security/CWE-643/XpathInjection.bqrs.
2025-05-28T20:28:21.7404006Z Interpreted problem query "Failure to use secure cookies" (py/insecure-cookie) at path /home/runner/work/_temp/codeql_databases/python/results/codeql/python-queries/Security/CWE-614/InsecureCookie.bqrs.
2025-05-28T20:28:21.7406365Z Interpreted pathproblem query "Code injection" (py/code-injection) at path /home/runner/work/_temp/codeql_databases/python/results/codeql/python-queries/Security/CWE-094/CodeInjection.bqrs.
2025-05-28T20:28:21.7410556Z Interpreted problem query "Binding a socket to all network interfaces" (py/bind-socket-all-network-interfaces) at path /home/runner/work/_temp/codeql_databases/python/results/codeql/python-queries/Security/CVE-2018-1281/BindToAllInterfaces.bqrs.
2025-05-28T20:28:21.7413373Z Interpreted pathproblem query "URL redirection from remote source" (py/url-redirection) at path /home/runner/work/_temp/codeql_databases/python/results/codeql/python-queries/Security/CWE-601/UrlRedirect.bqrs.
2025-05-28T20:28:21.7423320Z Interpreted pathproblem query "NoSQL Injection" (py/nosql-injection) at path /home/runner/work/_temp/codeql_databases/python/results/codeql/python-queries/Security/CWE-943/NoSqlInjection.bqrs.
2025-05-28T20:28:21.7436556Z Interpreted problem query "Incomplete regular expression for hostnames" (py/incomplete-hostname-regexp) at path /home/runner/work/_temp/codeql_databases/python/results/codeql/python-queries/Security/CWE-020/IncompleteHostnameRegExp.bqrs.
2025-05-28T20:28:21.7445444Z Interpreted pathproblem query "Construction of a cookie using user-supplied input" (py/cookie-injection) at path /home/runner/work/_temp/codeql_databases/python/results/codeql/python-queries/Security/CWE-020/CookieInjection.bqrs.
2025-05-28T20:28:21.7451444Z Interpreted problem query "Overly permissive regular expression range" (py/overly-large-range) at path /home/runner/work/_temp/codeql_databases/python/results/codeql/python-queries/Security/CWE-020/OverlyLargeRange.bqrs.
2025-05-28T20:28:21.7454704Z Interpreted problem query "Incomplete URL substring sanitization" (py/incomplete-url-substring-sanitization) at path /home/runner/work/_temp/codeql_databases/python/results/codeql/python-queries/Security/CWE-020/IncompleteUrlSubstringSanitization.bqrs.
2025-05-28T20:28:21.7457841Z Interpreted problem query "Bad HTML filtering regexp" (py/bad-tag-filter) at path /home/runner/work/_temp/codeql_databases/python/results/codeql/python-queries/Security/CWE-116/BadTagFilter.bqrs.
2025-05-28T20:28:21.7460814Z Interpreted pathproblem query "XML internal entity expansion" (py/xml-bomb) at path /home/runner/work/_temp/codeql_databases/python/results/codeql/python-queries/Security/CWE-776/XmlBomb.bqrs.
2025-05-28T20:28:21.7468426Z Interpreted pathproblem query "PAM authorization bypass due to incorrect usage" (py/pam-auth-bypass) at path /home/runner/work/_temp/codeql_databases/python/results/codeql/python-queries/Security/CWE-285/PamAuthorization.bqrs.
2025-05-28T20:28:21.7475859Z Interpreted pathproblem query "Information exposure through an exception" (py/stack-trace-exposure) at path /home/runner/work/_temp/codeql_databases/python/results/codeql/python-queries/Security/CWE-209/StackTraceExposure.bqrs.
2025-05-28T20:28:21.7478721Z Interpreted problem query "Use of insecure SSL/TLS version" (py/insecure-protocol) at path /home/runner/work/_temp/codeql_databases/python/results/codeql/python-queries/Security/CWE-327/InsecureProtocol.bqrs.
2025-05-28T20:28:21.7487783Z Interpreted pathproblem query "Use of a broken or weak cryptographic hashing algorithm on sensitive data" (py/weak-sensitive-data-hashing) at path /home/runner/work/_temp/codeql_databases/python/results/codeql/python-queries/Security/CWE-327/WeakSensitiveDataHashing.bqrs.
2025-05-28T20:28:21.7497131Z Interpreted problem query "Use of a broken or weak cryptographic algorithm" (py/weak-cryptographic-algorithm) at path /home/runner/work/_temp/codeql_databases/python/results/codeql/python-queries/Security/CWE-327/BrokenCryptoAlgorithm.bqrs.
2025-05-28T20:28:21.7508025Z Interpreted problem query "Default version of SSL/TLS may be insecure" (py/insecure-default-protocol) at path /home/runner/work/_temp/codeql_databases/python/results/codeql/python-queries/Security/CWE-327/InsecureDefaultProtocol.bqrs.
2025-05-28T20:28:21.7526988Z Interpreted pathproblem query "XML external entity expansion" (py/xxe) at path /home/runner/work/_temp/codeql_databases/python/results/codeql/python-queries/Security/CWE-611/Xxe.bqrs.
2025-05-28T20:28:21.7531879Z Interpreted problem query "Flask app is run in debug mode" (py/flask-debug) at path /home/runner/work/_temp/codeql_databases/python/results/codeql/python-queries/Security/CWE-215/FlaskDebug.bqrs.
2025-05-28T20:28:21.7534783Z Interpreted problem query "Accepting unknown SSH host keys when using Paramiko" (py/paramiko-missing-host-key-validation) at path /home/runner/work/_temp/codeql_databases/python/results/codeql/python-queries/Security/CWE-295/MissingHostKeyValidation.bqrs.
2025-05-28T20:28:21.7537794Z Interpreted problem query "Insecure temporary file" (py/insecure-temporary-file) at path /home/runner/work/_temp/codeql_databases/python/results/codeql/python-queries/Security/CWE-377/InsecureTemporaryFile.bqrs.
2025-05-28T20:28:21.7540189Z Interpreted problem query "'input' function used in Python 2" (py/use-of-input) at path /home/runner/work/_temp/codeql_databases/python/results/codeql/python-queries/Expressions/UseofInput.bqrs.
2025-05-28T20:28:21.7560065Z Interpreted diagnostic query "Python extraction warnings" (py/diagnostics/extraction-warnings) at path /home/runner/work/_temp/codeql_databases/python/results/codeql/python-queries/Diagnostics/ExtractionWarnings.bqrs.
2025-05-28T20:28:21.7563705Z Interpreted diagnostic query "Extracted Python files" (py/diagnostics/successfully-extracted-files) at path /home/runner/work/_temp/codeql_databases/python/results/codeql/python-queries/Diagnostics/ExtractedFiles.bqrs.
2025-05-28T20:28:21.7566816Z Interpreted metric query "Total lines of Python code in the database" (py/summary/lines-of-code) at path /home/runner/work/_temp/codeql_databases/python/results/codeql/python-queries/Summary/LinesOfCode.bqrs.
2025-05-28T20:28:21.7575516Z Interpreted metric query "Total lines of user written Python code in the database" (py/summary/lines-of-user-code) at path /home/runner/work/_temp/codeql_databases/python/results/codeql/python-queries/Summary/LinesOfUserCode.bqrs.
2025-05-28T20:28:21.7577597Z Reading source archive /home/runner/work/_temp/codeql_databases/python/src.zip
2025-05-28T20:28:21.8563713Z Interpreting file coverage baseline information
2025-05-28T20:28:21.8564647Z Finished interpreting file coverage baseline information.
2025-05-28T20:28:21.8565244Z Interpreting diagnostic messages...
2025-05-28T20:28:21.8869152Z Found 1 raw diagnostic messages.
2025-05-28T20:28:21.8951365Z Processed diagnostic messages (removed 0 due to limits, created 0 summary diagnostics for status page).
2025-05-28T20:28:21.8970761Z Interpreted diagnostic messages (39ms).
2025-05-28T20:28:22.0601015Z Exporting results to SARIF...
2025-05-28T20:28:22.2010852Z Exported results to SARIF (141ms).
2025-05-28T20:28:22.2335833Z ##[endgroup]
2025-05-28T20:28:22.2337142Z CodeQL scanned 46 out of 46 Python files in this invocation. Check the status page for overall coverage information: https://github.com/IgorGanapolsky/agent-web-scraper/security/code-scanning/tools/CodeQL/status/
2025-05-28T20:28:22.2338372Z 
2025-05-28T20:28:22.2338957Z ##[group]Cleaning up databases
2025-05-28T20:28:22.2339981Z [command]/opt/hostedtoolcache/CodeQL/2.21.3/x64/codeql/codeql database cleanup /home/runner/work/_temp/codeql_databases/python --cache-cleanup=brutal
2025-05-28T20:28:22.9091348Z Cleaning up existing TRAP files after import...
2025-05-28T20:28:22.9141798Z TRAP files cleaned up (3ms).
2025-05-28T20:28:22.9144454Z Cleaning up scratch directory...
2025-05-28T20:28:22.9144920Z Scratch directory cleaned up (0ms).
2025-05-28T20:28:22.9924595Z ##[endgroup]
2025-05-28T20:28:22.9934979Z ##[group]Uploading results
2025-05-28T20:28:22.9935558Z Processing sarif files: ["/home/runner/work/agent-web-scraper/results/python.sarif"]
2025-05-28T20:28:22.9961663Z Adding fingerprints to SARIF file. See https://docs.github.com/en/enterprise-cloud@latest/code-security/code-scanning/integrating-with-code-scanning/sarif-support-for-code-scanning#providing-data-to-track-code-scanning-alerts-across-runs for more information.
2025-05-28T20:28:23.0182512Z Uploading results
2025-05-28T20:28:23.5613642Z Successfully uploaded results
2025-05-28T20:28:23.5614291Z ##[endgroup]
2025-05-28T20:28:23.5711197Z ##[group]Waiting for processing to finish
2025-05-28T20:28:23.6878730Z Analysis upload status is pending.
2025-05-28T20:28:28.8334785Z Analysis upload status is complete.
2025-05-28T20:28:28.8337163Z ##[endgroup]
2025-05-28T20:28:28.9996824Z Post job cleanup.
2025-05-28T20:28:30.0434040Z Post job cleanup.
2025-05-28T20:28:30.4233560Z CodeQL job status was success.
2025-05-28T20:28:30.4382256Z Sending status report for init-post step.
2025-05-28T20:28:30.6404902Z Status report sent for init-post step.
2025-05-28T20:28:30.7281542Z Post job cleanup.
2025-05-28T20:28:30.8222098Z [command]/usr/bin/git version
2025-05-28T20:28:30.8258648Z git version 2.49.0
2025-05-28T20:28:30.8310709Z Temporarily overriding HOME='/home/runner/work/_temp/ca0abf8a-35b2-4f27-ae5c-9094c25428ab' before making global git config changes
2025-05-28T20:28:30.8311997Z Adding repository directory to the temporary git global config as a safe directory
2025-05-28T20:28:30.8317629Z [command]/usr/bin/git config --global --add safe.directory /home/runner/work/agent-web-scraper/agent-web-scraper
2025-05-28T20:28:30.8353176Z [command]/usr/bin/git config --local --name-only --get-regexp core\.sshCommand
2025-05-28T20:28:30.8386860Z [command]/usr/bin/git submodule foreach --recursive sh -c "git config --local --name-only --get-regexp 'core\.sshCommand' && git config --local --unset-all 'core.sshCommand' || :"
2025-05-28T20:28:30.8612607Z [command]/usr/bin/git config --local --name-only --get-regexp http\.https\:\/\/github\.com\/\.extraheader
2025-05-28T20:28:30.8634136Z http.https://github.com/.extraheader
2025-05-28T20:28:30.8646824Z [command]/usr/bin/git config --local --unset-all http.https://github.com/.extraheader
2025-05-28T20:28:30.8677138Z [command]/usr/bin/git submodule foreach --recursive sh -c "git config --local --name-only --get-regexp 'http\.https\:\/\/github\.com\/\.extraheader' && git config --local --unset-all 'http.https://github.com/.extraheader' || :"
2025-05-28T20:28:30.8998787Z Cleaning up orphan processes
